Microchip MPLAB XC8 Compiler V1.41 ()

Linker command line:

-W-3 --edf=C:\Program Files (x86)\Microchip\xc8\v1.41\dat\en_msgs.txt -cs \
  -h+dist/default/production\fire-alarm.production.sym \
  --cmf=dist/default/production\fire-alarm.production.cmf -z -Q18F452 \
  -oC:\Users\jonas\AppData\Local\Temp\s3v0.2 \
  -Mdist/default/production/fire-alarm.production.map -E1 -ver=XC8 \
  -ASTACK=01BCh-05ffh -pstack=STACK -ACODE=00h-03FFFhx2 -ACONST=00h-07FFFh \
  -ASMALLCONST=0600h-06FFhx122 -AMEDIUMCONST=0600h-07FFFh -ACOMRAM=01h-07Fh \
  -AABS1=00h-05FFh -ABIGRAM=01h-05FFh -ARAM=080h-0FFh,0100h-01FFhx5 \
  -ABANK0=080h-0FFh -ABANK1=0100h-01FFh -ABANK2=0200h-02FFh \
  -ABANK3=0300h-03FFh -ABANK4=0400h-04FFh -ABANK5=0500h-05FFh \
  -ASFR=0F80h-0FFFh -preset_vec=00h,intcode=08h,intcodelo,powerup,init \
  -pramtop=0600h -psmallconst=SMALLCONST -pmediumconst=MEDIUMCONST \
  -pconst=CONST -AFARRAM=00h-00h -ACONFIG=0300000h-030000Dh -pconfig=CONFIG \
  -AIDLOC=0200000h-0200007h -pidloc=IDLOC -AEEDATA=0F00000h-0F000FFh \
  -peeprom_data=EEDATA \
  -prdata=COMRAM,nvrram=COMRAM,nvbit=COMRAM,rbss=COMRAM,rbit=COMRAM \
  -pfarbss=FARRAM,fardata=FARRAM,nvFARRAM=FARRAM \
  -pintsave_regs=BIGRAM,bigbss=BIGRAM,bigdata=BIGRAM -pbss=RAM \
  -pidata=CODE,irdata=CODE,ibigdata=CODE,ifardata=CODE -prparam=COMRAM \
  C:\Users\jonas\AppData\Local\Temp\s3v0.obj \
  dist/default/production\fire-alarm.production.obj 

Object code version is 3.11

Machine type is 18F452

Call graph: (short form)




                Name                               Link     Load   Length Selector   Space Scale
C:\Users\jonas\AppData\Local\Temp\s3v0.obj
                text                                  6        6        2        0       0
                init                                100      100        4        4       0
                reset_vec                             0        0        6        0       0
                idloc                            200000   200000        8   200000       0
                config                           300000   300000        E   300000       0
dist/default/production\fire-alarm.production.obj
                intcode                               8        8       F8        4       0
                temp                                 7B       7B        1        1       1
                mediumconst                        7AF6     7AF6      50A     3D7B       0
                text96                             74F6     74F6       C4     3A7B       0
                text95                             2E22     2E22      1D0        4       0
                text94                             7838     7838       E6     3C1C       0
                text93                             7198     7198       9C     38CC       0
                text92                             3DBC     3DBC       F8        4       0
                text91                             791E     791E       E8     3C8F       0
                text90                             6538     6538       28     329C       0
                text89                             6560     6560       28     32B0       0
                text88                             25EE     25EE      22C        4       0
                text87                             6F7C     6F7C       7E     37BE       0
                text86                             64C4     64C4       1A     3262       0
                text85                             6414     6414        C     320A       0
                text84                             6420     6420        C     3210       0
                text83                             645C     645C        E     322E       0
                text82                             65E4     65E4       32     32F2       0
                text81                             6764     6764       3C     33B2       0
                text80                             6516     6516       22     328B       0
                text79                             6616     6616       32     330B       0
                text78                             64AE     64AE       16     3257       0
                text77                             6648     6648       36     3324       0
                text76                             642C     642C        C     3216       0
                text75                             39AC     39AC      112        4       0
                text74                             332E     332E      168        4       0
                text72                             75BA     75BA       CA     3ADD       0
                text71                             6D50     6D50       66     36A8       0
                text70                             6A2C     6A2C       4A     3516       0
                text69                             6588     6588       2C     32C4       0
                text68                             6488     6488       12     3244       0
                text67                             7080     7080       88     3840       0
                text66                             64DE     64DE       1C     326F       0
                text65                             6438     6438        C     321C       0
                text64                             6444     6444        C     3222       0
                text63                             646A     646A        E     3235       0
                text62                             667E     667E       38     333F       0
                text61                             66B6     66B6       3A     335B       0
                text60                             69E4     69E4       48     34F2       0
                text59                             6DB6     6DB6       6C     36DB       0
                text58                             738C     738C       B4     39C6       0
                text57                             7234     7234       AA     391A       0
                text56                             68D4     68D4       42     346A       0
                text55                             6818     6818       3E     340C       0
                text54                             67A0     67A0       3C     33D0       0
                text53                             6FFA     6FFA       86     37FD       0
                text52                             6E22     6E22       70     3711       0
                text51                             66F0     66F0       3A     3378       0
                text50                             65B4     65B4       30     32DA       0
                text49                             649A     649A       14     324D       0
                text48                              104      104      8CC        4       0
                text47                             6AC0     6AC0       4E     3560       0
                text46                             6478     6478       10     323C       0
                text45                             17EC     17EC      402        4       0
                text44                             3BC4     3BC4      100        4       0
                text43                             319A     319A      194        4       0
                text42                             6F04     6F04       78     3782       0
                text41                             6856     6856       3E     342B       0
                text40                             6C4A     6C4A       56     3625       0
                text39                             6894     6894       40     344A       0
                text38                             7684     7684       D2     3B42       0
                text37                             7440     7440       B6     3A20       0
                text36                             72DE     72DE       AE     396F       0
                text35                             67DC     67DC       3C     33EE       0
                text34                             6450     6450        C     3228       0
                text33                             3FA8     3FA8       58        4       0
                text32                             699E     699E       46     34CF       0
                text31                             7756     7756       E2     3BAB       0
                text30                              9D0      9D0      5C6        4       0
                text29                             6B0E     6B0E       4E     3587       0
                text28                             1BEE     1BEE      29C        4       0
                text27                             3EB4     3EB4       F4        4       0
                text26                             6A76     6A76       4A     353B       0
                text25                             6916     6916       44     348B       0
                text24                             7A06     7A06       F0     3D03       0
                text23                             6CA0     6CA0       56     3650       0
                text22                             23A8     23A8      246        4       0
                text21                             13E6     13E6      406        4       0
                text20                             2FF2     2FF2      1A8        4       0
                text19                             3CC4     3CC4       F8        4       0
                text18                             1E8A     1E8A      29A        4       0
                text17                             64FA     64FA       1C     327D       0
                text16                             373E     373E      140        4       0
                text15                             3ABE     3ABE      106        4       0
                text14                             3496     3496      164        4       0
                text13                             2C38     2C38      1EA        4       0
                text12                             7108     7108       90     3884       0
                text11                             695A     695A       44     34AD       0
                text10                             35FA     35FA      144        4       0
                text9                              6CF6     6CF6       5A     367B       0
                text8                              672A     672A       3A     3395       0
                text7                              2A3A     2A3A      1FE        4       0
                text6                              6BAA     6BAA       50     35D5       0
                text5                              387E     387E      12E        4       0
                text4                              6B5C     6B5C       4E     35AE       0
                text3                              2124     2124      284        4       0
                text2                              281A     281A      220        4       0
                text1                              6BFA     6BFA       50     35FD       0
                text0                               F96      F96      450        4       0
                cstackCOMRAM                          1        1       3F        1       1
                cstackBANK0                          80       80       59       80       1
                bssBANK1                            100      100       BC      100       1
                dataBANK0                            F8       F8        8       80       1
                bssBANK0                             D9       D9       1F       80       1
                dataCOMRAM                           76       76        5        1       1
                bssCOMRAM                            40       40       36        1       1
                cinit                              6E92     6E92       72     3749       0
                idataBANK0                         640C     640C        8     640C       0
                idataCOMRAM                        6407     6407        5     6407       0

TOTAL           Name                               Link     Load   Length     Space
        CLASS   STACK          

        CLASS   CODE           
                intcode                               8        8       F8         0
                text                                  6        6        2         0
                init                                100      100        4         0
                reset_vec                             0        0        6         0
                text96                             74F6     74F6       C4         0
                text95                             2E22     2E22      1D0         0
                text94                             7838     7838       E6         0
                text93                             7198     7198       9C         0
                text92                             3DBC     3DBC       F8         0
                text91                             791E     791E       E8         0
                text90                             6538     6538       28         0
                text89                             6560     6560       28         0
                text88                             25EE     25EE      22C         0
                text87                             6F7C     6F7C       7E         0
                text86                             64C4     64C4       1A         0
                text85                             6414     6414        C         0
                text84                             6420     6420        C         0
                text83                             645C     645C        E         0
                text82                             65E4     65E4       32         0
                text81                             6764     6764       3C         0
                text80                             6516     6516       22         0
                text79                             6616     6616       32         0
                text78                             64AE     64AE       16         0
                text77                             6648     6648       36         0
                text76                             642C     642C        C         0
                text75                             39AC     39AC      112         0
                text74                             332E     332E      168         0
                text72                             75BA     75BA       CA         0
                text71                             6D50     6D50       66         0
                text70                             6A2C     6A2C       4A         0
                text69                             6588     6588       2C         0
                text68                             6488     6488       12         0
                text67                             7080     7080       88         0
                text66                             64DE     64DE       1C         0
                text65                             6438     6438        C         0
                text64                             6444     6444        C         0
                text63                             646A     646A        E         0
                text62                             667E     667E       38         0
                text61                             66B6     66B6       3A         0
                text60                             69E4     69E4       48         0
                text59                             6DB6     6DB6       6C         0
                text58                             738C     738C       B4         0
                text57                             7234     7234       AA         0
                text56                             68D4     68D4       42         0
                text55                             6818     6818       3E         0
                text54                             67A0     67A0       3C         0
                text53                             6FFA     6FFA       86         0
                text52                             6E22     6E22       70         0
                text51                             66F0     66F0       3A         0
                text50                             65B4     65B4       30         0
                text49                             649A     649A       14         0
                text48                              104      104      8CC         0
                text47                             6AC0     6AC0       4E         0
                text46                             6478     6478       10         0
                text45                             17EC     17EC      402         0
                text44                             3BC4     3BC4      100         0
                text43                             319A     319A      194         0
                text42                             6F04     6F04       78         0
                text41                             6856     6856       3E         0
                text40                             6C4A     6C4A       56         0
                text39                             6894     6894       40         0
                text38                             7684     7684       D2         0
                text37                             7440     7440       B6         0
                text36                             72DE     72DE       AE         0
                text35                             67DC     67DC       3C         0
                text34                             6450     6450        C         0
                text33                             3FA8     3FA8       58         0
                text32                             699E     699E       46         0
                text31                             7756     7756       E2         0
                text30                              9D0      9D0      5C6         0
                text29                             6B0E     6B0E       4E         0
                text28                             1BEE     1BEE      29C         0
                text27                             3EB4     3EB4       F4         0
                text26                             6A76     6A76       4A         0
                text25                             6916     6916       44         0
                text24                             7A06     7A06       F0         0
                text23                             6CA0     6CA0       56         0
                text22                             23A8     23A8      246         0
                text21                             13E6     13E6      406         0
                text20                             2FF2     2FF2      1A8         0
                text19                             3CC4     3CC4       F8         0
                text18                             1E8A     1E8A      29A         0
                text17                             64FA     64FA       1C         0
                text16                             373E     373E      140         0
                text15                             3ABE     3ABE      106         0
                text14                             3496     3496      164         0
                text13                             2C38     2C38      1EA         0
                text12                             7108     7108       90         0
                text11                             695A     695A       44         0
                text10                             35FA     35FA      144         0
                text9                              6CF6     6CF6       5A         0
                text8                              672A     672A       3A         0
                text7                              2A3A     2A3A      1FE         0
                text6                              6BAA     6BAA       50         0
                text5                              387E     387E      12E         0
                text4                              6B5C     6B5C       4E         0
                text3                              2124     2124      284         0
                text2                              281A     281A      220         0
                text1                              6BFA     6BFA       50         0
                text0                               F96      F96      450         0
                cinit                              6E92     6E92       72         0
                idataBANK0                         640C     640C        8         0
                idataCOMRAM                        6407     6407        5         0

        CLASS   CONST          

        CLASS   SMALLCONST     

        CLASS   MEDIUMCONST    
                mediumconst                        7AF6     7AF6      50A         0

        CLASS   COMRAM         
                temp                                 7B       7B        1         1
                cstackCOMRAM                          1        1       3F         1
                dataCOMRAM                           76       76        5         1
                bssCOMRAM                            40       40       36         1

        CLASS   ABS1           

        CLASS   BIGRAM         

        CLASS   RAM            

        CLASS   BANK0          
                cstackBANK0                          80       80       59         1
                dataBANK0                            F8       F8        8         1
                bssBANK0                             D9       D9       1F         1

        CLASS   BANK1          
                bssBANK1                            100      100       BC         1

        CLASS   BANK2          

        CLASS   BANK3          

        CLASS   BANK4          

        CLASS   BANK5          

        CLASS   SFR            

        CLASS   FARRAM         

        CLASS   CONFIG         
                config                           300000   300000        E         0

        CLASS   IDLOC          
                idloc                            200000   200000        8         0

        CLASS   EEDATA         



SEGMENTS        Name                           Load    Length   Top    Selector   Space  Class

                reset_vec                      000000  000008  000008         0       0  CODE    
                cstackCOMRAM                   000001  00007B  00007C         1       1  COMRAM  
                intcode                        000008  003FF8  004000         4       0  CODE    
                cstackBANK0                    000080  000080  000100        80       1  BANK0   
                bssBANK1                       000100  0000BC  0001BC       100       1  BANK1   
                idataCOMRAM                    006407  000005  00640C      6407       0  CODE    
                idataBANK0                     00640C  000008  006414      640C       0  CODE    
                text85                         006414  00000C  006420      320A       0  CODE    
                text84                         006420  00000C  00642C      3210       0  CODE    
                text76                         00642C  00000C  006438      3216       0  CODE    
                text65                         006438  00000C  006444      321C       0  CODE    
                text64                         006444  00000C  006450      3222       0  CODE    
                text34                         006450  00000C  00645C      3228       0  CODE    
                text83                         00645C  00000E  00646A      322E       0  CODE    
                text63                         00646A  00000E  006478      3235       0  CODE    
                text46                         006478  000010  006488      323C       0  CODE    
                text68                         006488  000012  00649A      3244       0  CODE    
                text49                         00649A  000014  0064AE      324D       0  CODE    
                text78                         0064AE  000016  0064C4      3257       0  CODE    
                text86                         0064C4  00001A  0064DE      3262       0  CODE    
                text66                         0064DE  00001C  0064FA      326F       0  CODE    
                text17                         0064FA  00001C  006516      327D       0  CODE    
                text80                         006516  000022  006538      328B       0  CODE    
                text90                         006538  000028  006560      329C       0  CODE    
                text89                         006560  000028  006588      32B0       0  CODE    
                text69                         006588  00002C  0065B4      32C4       0  CODE    
                text50                         0065B4  000030  0065E4      32DA       0  CODE    
                text82                         0065E4  000032  006616      32F2       0  CODE    
                text79                         006616  000032  006648      330B       0  CODE    
                text77                         006648  000036  00667E      3324       0  CODE    
                text62                         00667E  000038  0066B6      333F       0  CODE    
                text61                         0066B6  00003A  0066F0      335B       0  CODE    
                text51                         0066F0  00003A  00672A      3378       0  CODE    
                text8                          00672A  00003A  006764      3395       0  CODE    
                text81                         006764  00003C  0067A0      33B2       0  CODE    
                text54                         0067A0  00003C  0067DC      33D0       0  CODE    
                text35                         0067DC  00003C  006818      33EE       0  CODE    
                text55                         006818  00003E  006856      340C       0  CODE    
                text41                         006856  00003E  006894      342B       0  CODE    
                text39                         006894  000040  0068D4      344A       0  CODE    
                text56                         0068D4  000042  006916      346A       0  CODE    
                text25                         006916  000044  00695A      348B       0  CODE    
                text11                         00695A  000044  00699E      34AD       0  CODE    
                text32                         00699E  000046  0069E4      34CF       0  CODE    
                text60                         0069E4  000048  006A2C      34F2       0  CODE    
                text70                         006A2C  00004A  006A76      3516       0  CODE    
                text26                         006A76  00004A  006AC0      353B       0  CODE    
                text47                         006AC0  00004E  006B0E      3560       0  CODE    
                text29                         006B0E  00004E  006B5C      3587       0  CODE    
                text4                          006B5C  00004E  006BAA      35AE       0  CODE    
                text6                          006BAA  000050  006BFA      35D5       0  CODE    
                text1                          006BFA  000050  006C4A      35FD       0  CODE    
                text40                         006C4A  000056  006CA0      3625       0  CODE    
                text23                         006CA0  000056  006CF6      3650       0  CODE    
                text9                          006CF6  00005A  006D50      367B       0  CODE    
                text71                         006D50  000066  006DB6      36A8       0  CODE    
                text59                         006DB6  00006C  006E22      36DB       0  CODE    
                text52                         006E22  000070  006E92      3711       0  CODE    
                cinit                          006E92  000072  006F04      3749       0  CODE    
                text42                         006F04  000078  006F7C      3782       0  CODE    
                text87                         006F7C  00007E  006FFA      37BE       0  CODE    
                text53                         006FFA  000086  007080      37FD       0  CODE    
                text67                         007080  000088  007108      3840       0  CODE    
                text12                         007108  000090  007198      3884       0  CODE    
                text93                         007198  00009C  007234      38CC       0  CODE    
                text57                         007234  0000AA  0072DE      391A       0  CODE    
                text36                         0072DE  0000AE  00738C      396F       0  CODE    
                text58                         00738C  0000B4  007440      39C6       0  CODE    
                text37                         007440  0000B6  0074F6      3A20       0  CODE    
                text96                         0074F6  0000C4  0075BA      3A7B       0  CODE    
                text72                         0075BA  0000CA  007684      3ADD       0  CODE    
                text38                         007684  0000D2  007756      3B42       0  CODE    
                text31                         007756  0000E2  007838      3BAB       0  CODE    
                text94                         007838  0000E6  00791E      3C1C       0  CODE    
                text91                         00791E  0000E8  007A06      3C8F       0  CODE    
                text24                         007A06  0000F0  007AF6      3D03       0  CODE    
                mediumconst                    007AF6  00050A  008000      3D7B       0  MEDIUMCO
                idloc                          200000  000008  200008    200000       0  IDLOC   
                config                         300000  00000E  30000E    300000       0  CONFIG  


UNUSED ADDRESS RANGES

        Name                Unused          Largest block    Delta
        BANK1            0001BC-0001FF               44
        BANK2            000200-0002FF              100
        BANK3            000300-0003FF              100
        BANK4            000400-0004FF              100
        BANK5            000500-0005FF              100
        BIGRAM           00007C-00007F                4
                         0001BC-0005FF              444
        CODE             004000-006406             2407
        COMRAM           00007C-00007F                4
        CONST            004000-006406             2407
        EEDATA           F00000-F000FF              100
        MEDIUMCONST      004000-006406             2407
        RAM              0001BC-0005FF              100
        SFR              000F80-000FFF               80
        SMALLCONST       004000-006406              100
        STACK            0001BC-0005FF              444

                                  Symbol Table

?_I2C_Read                                                       cstackBANK0  000081
?___awdiv                                                        cstackBANK0  000080
?___awmod                                                        cstackBANK0  000080
?___ftadd                                                        cstackCOMRAM 00001B
?___ftdiv                                                        cstackCOMRAM 00001B
?___ftmul                                                        cstackCOMRAM 00000C
?___ftpack                                                       cstackCOMRAM 000001
?___fttol                                                        cstackCOMRAM 00001B
?___lldiv                                                        cstackBANK0  000080
?___lwdiv                                                        cstackBANK0  000080
?___lwmod                                                        cstackBANK0  000087
?___lwtoft                                                       cstackCOMRAM 000009
?___wmul                                                         cstackBANK0  000080
?__doprnt                                                        cstackBANK0  00008C
?_atoi                                                           cstackBANK0  0000BF
?_getSerial                                                      cstackBANK0  0000B5
?_intToFloatStr                                                  cstackBANK0  0000B5
?_printf                                                         cstackBANK0  0000A1
?_readADC                                                        cstackCOMRAM 000001
?_readEEPROM16_ext                                               cstackBANK0  00008E
?_sprintf                                                        cstackBANK0  0000A1
?_strchr                                                         cstackBANK0  000080
?_strlen                                                         cstackBANK0  000080
?_strncmp                                                        cstackBANK0  000086
?_strstr                                                         cstackBANK0  00008F
?i2_I2C_Read                                                     cstackCOMRAM 000002
BCDtoDEC@val                                                     cstackBANK0  000080
DECtoBCD@res                                                     cstackBANK0  000089
DECtoBCD@val                                                     cstackBANK0  000088
I2C_Master_Init@c                                                cstackBANK0  00008D
I2C_Read@a                                                       cstackBANK0  000081
I2C_Read@temp                                                    cstackBANK0  000083
I2C_Write@d                                                      cstackBANK0  00008A
Lcd_Cmd@a                                                        cstackBANK0  000082
Lcd_Port@a                                                       cstackBANK0  000080
Lcd_Set_Cursor@a                                                 cstackBANK0  000084
Lcd_Set_Cursor@b                                                 cstackBANK0  000083
Lcd_Set_Cursor@temp                                              cstackBANK0  000087
Lcd_Set_Cursor@y                                                 cstackBANK0  000086
Lcd_Set_Cursor@z                                                 cstackBANK0  000085
Lcd_Write_Char@a                                                 cstackBANK0  000083
Lcd_Write_Char@tempp                                             cstackBANK0  000081
Lcd_Write_Char@y                                                 cstackBANK0  000082
Lcd_Write_String@a                                               cstackBANK0  000084
Lcd_Write_String@i                                               cstackBANK0  000086
TIMER@c                                                          cstackCOMRAM 00003F
_ACKDT                                                           (abs)        007E2D
_ACKEN                                                           (abs)        007E2C
_ADCON0                                                          (abs)        000FC2
_ADCON0bits                                                      (abs)        000FC2
_ADCON1                                                          (abs)        000FC1
_ADRESH                                                          (abs)        000FC4
_ADRESL                                                          (abs)        000FC3
_BCDtoDEC                                                        text17       0064FA
_DECtoBCD                                                        text6        006BAA
_I2C_Master_Init                                                 text71       006D50
_I2C_Read                                                        text35       0067DC
_I2C_Restart                                                     text34       006450
_I2C_Start                                                       text65       006438
_I2C_Stop                                                        text64       006444
_I2C_Wait                                                        text66       0064DE
_I2C_Write                                                       text63       00646A
_INTCON                                                          (abs)        000FF2
_INTCONbits                                                      (abs)        000FF2
_Lcd_Clear                                                       text68       006488
_Lcd_Cmd                                                         text69       006588
_Lcd_Init                                                        text67       007080
_Lcd_Port                                                        text70       006A2C
_Lcd_Set_Cursor                                                  text27       003EB4
_Lcd_Write_Char                                                  text26       006A76
_Lcd_Write_String                                                text25       006916
_PEN                                                             (abs)        007E2A
_PIE1bits                                                        (abs)        000F9D
_PIR1bits                                                        (abs)        000F9E
_PORTAbits                                                       (abs)        000F80
_PORTBbits                                                       (abs)        000F81
_PORTCbits                                                       (abs)        000F82
_PORTDbits                                                       (abs)        000F83
_PORTEbits                                                       (abs)        000F84
_RCEN                                                            (abs)        007E2B
_RCIF                                                            (abs)        007CF5
_RCREG                                                           (abs)        000FAE
_RCSTAbits                                                       (abs)        000FAB
_RSEN                                                            (abs)        007E29
_RTC_Init                                                        text62       00667E
_SEN                                                             (abs)        007E28
_SPBRG                                                           (abs)        000FAF
_SSPADD                                                          (abs)        000FC8
_SSPBUF                                                          (abs)        000FC9
_SSPCON1                                                         (abs)        000FC6
_SSPCON2                                                         (abs)        000FC5
_SSPSTAT                                                         (abs)        000FC7
_T0CON                                                           (abs)        000FD5
_TIMER                                                           intcode      000008
_TMR0H                                                           (abs)        000FD7
_TMR0IF                                                          (abs)        007F92
_TMR0L                                                           (abs)        000FD6
_TRISAbits                                                       (abs)        000F92
_TRISBbits                                                       (abs)        000F93
_TRISCbits                                                       (abs)        000F94
_TRISDbits                                                       (abs)        000F95
_TRISEbits                                                       (abs)        000F96
_TXREG                                                           (abs)        000FAD
_TXSTAbits                                                       (abs)        000FAC
__CFG_BOR$ON                                                     (abs)        000000
__CFG_BORV$20                                                    (abs)        000000
__CFG_CCP2MUX$ON                                                 (abs)        000000
__CFG_CP0$ON                                                     (abs)        000000
__CFG_CP1$ON                                                     (abs)        000000
__CFG_CP2$ON                                                     (abs)        000000
__CFG_CP3$ON                                                     (abs)        000000
__CFG_CPB$OFF                                                    (abs)        000000
__CFG_CPD$ON                                                     (abs)        000000
__CFG_EBTR0$OFF                                                  (abs)        000000
__CFG_EBTR1$OFF                                                  (abs)        000000
__CFG_EBTR2$OFF                                                  (abs)        000000
__CFG_EBTR3$OFF                                                  (abs)        000000
__CFG_EBTRB$ON                                                   (abs)        000000
__CFG_LVP$OFF                                                    (abs)        000000
__CFG_OSC$HS                                                     (abs)        000000
__CFG_OSCS$OFF                                                   (abs)        000000
__CFG_PWRT$OFF                                                   (abs)        000000
__CFG_STVR$ON                                                    (abs)        000000
__CFG_WDT$ON                                                     (abs)        000000
__CFG_WDTPS$128                                                  (abs)        000000
__CFG_WRT0$ON                                                    (abs)        000000
__CFG_WRT1$ON                                                    (abs)        000000
__CFG_WRT2$ON                                                    (abs)        000000
__CFG_WRT3$ON                                                    (abs)        000000
__CFG_WRTB$OFF                                                   (abs)        000000
__CFG_WRTC$OFF                                                   (abs)        000000
__CFG_WRTD$OFF                                                   (abs)        000000
__HRAM                                                           (abs)        000000
__Habs1                                                          abs1         000000
__Hbank0                                                         bank0        000000
__Hbank1                                                         bank1        000000
__Hbank2                                                         bank2        000000
__Hbank3                                                         bank3        000000
__Hbank4                                                         bank4        000000
__Hbank5                                                         bank5        000000
__Hbigbss                                                        bigbss       000000
__Hbigdata                                                       bigdata      000000
__Hbigram                                                        bigram       000000
__Hbss                                                           bss          000000
__HbssBANK0                                                      bssBANK0     000000
__HbssBANK1                                                      bssBANK1     000000
__HbssCOMRAM                                                     bssCOMRAM    000000
__Hcinit                                                         cinit        000000
__Hclrtext                                                       clrtext      000000
__Hcomram                                                        comram       000000
__Hconfig                                                        config       30000E
__Hconst                                                         const        000000
__HcstackBANK0                                                   cstackBANK0  000000
__HcstackCOMRAM                                                  cstackCOMRAM 000000
__Hdata                                                          data         000000
__HdataBANK0                                                     dataBANK0    000000
__HdataCOMRAM                                                    dataCOMRAM   000000
__Heeprom_data                                                   eeprom_data  000000
__Hfarbss                                                        farbss       000000
__Hfardata                                                       fardata      000000
__Hibigdata                                                      ibigdata     000000
__Hidata                                                         idata        000000
__HidataBANK0                                                    idataBANK0   000000
__HidataCOMRAM                                                   idataCOMRAM  000000
__Hidloc                                                         idloc        200008
__Hifardata                                                      ifardata     000000
__Hinit                                                          init         000104
__Hintcode                                                       intcode      000100
__Hintcode_body                                                  intcode_body 000000
__Hintcodelo                                                     intcodelo    000100
__Hintentry                                                      intentry     000000
__Hintret                                                        intret       000000
__Hintsave_regs                                                  intsave_regs 000000
__Hirdata                                                        irdata       000000
__Hmediumconst                                                   mediumconst  008000
__HnvFARRAM                                                      nvFARRAM     000000
__Hnvbit                                                         nvbit        000000
__Hnvrram                                                        nvrram       000000
__Hparam                                                         rparam       000000
__Hpowerup                                                       powerup      000100
__Hram                                                           ram          000000
__Hramtop                                                        ramtop       000600
__Hrbit                                                          rbit         000000
__Hrbss                                                          rbss         000000
__Hrdata                                                         rdata        000000
__Hreset_vec                                                     reset_vec    000006
__Hrparam                                                        rparam       000000
__Hsfr                                                           sfr          000000
__Hsmallconst                                                    smallconst   000000
__Hspace_0                                                       (abs)        30000E
__Hspace_1                                                       (abs)        0001BC
__Hspace_2                                                       (abs)        000000
__Hstack                                                         stack        000000
__Hstruct                                                        struct       000000
__Htemp                                                          temp         00007C
__Htext                                                          text         000000
__Htext0                                                         text0        000000
__Htext1                                                         text1        000000
__Htext10                                                        text10       000000
__Htext11                                                        text11       000000
__Htext12                                                        text12       000000
__Htext13                                                        text13       000000
__Htext14                                                        text14       000000
__Htext15                                                        text15       000000
__Htext16                                                        text16       000000
__Htext17                                                        text17       000000
__Htext18                                                        text18       000000
__Htext19                                                        text19       000000
__Htext2                                                         text2        000000
__Htext20                                                        text20       000000
__Htext21                                                        text21       000000
__Htext22                                                        text22       000000
__Htext23                                                        text23       000000
__Htext24                                                        text24       000000
__Htext25                                                        text25       000000
__Htext26                                                        text26       000000
__Htext27                                                        text27       000000
__Htext28                                                        text28       000000
__Htext29                                                        text29       000000
__Htext3                                                         text3        000000
__Htext30                                                        text30       000000
__Htext31                                                        text31       000000
__Htext32                                                        text32       000000
__Htext33                                                        text33       000000
__Htext34                                                        text34       000000
__Htext35                                                        text35       000000
__Htext36                                                        text36       000000
__Htext37                                                        text37       000000
__Htext38                                                        text38       000000
__Htext39                                                        text39       000000
__Htext4                                                         text4        000000
__Htext40                                                        text40       000000
__Htext41                                                        text41       000000
__Htext42                                                        text42       000000
__Htext43                                                        text43       000000
__Htext44                                                        text44       000000
__Htext45                                                        text45       000000
__Htext46                                                        text46       000000
__Htext47                                                        text47       000000
__Htext48                                                        text48       000000
__Htext49                                                        text49       000000
__Htext5                                                         text5        000000
__Htext50                                                        text50       000000
__Htext51                                                        text51       000000
__Htext52                                                        text52       000000
__Htext53                                                        text53       000000
__Htext54                                                        text54       000000
__Htext55                                                        text55       000000
__Htext56                                                        text56       000000
__Htext57                                                        text57       000000
__Htext58                                                        text58       000000
__Htext59                                                        text59       000000
__Htext6                                                         text6        000000
__Htext60                                                        text60       000000
__Htext61                                                        text61       000000
__Htext62                                                        text62       000000
__Htext63                                                        text63       000000
__Htext64                                                        text64       000000
__Htext65                                                        text65       000000
__Htext66                                                        text66       000000
__Htext67                                                        text67       000000
__Htext68                                                        text68       000000
__Htext69                                                        text69       000000
__Htext7                                                         text7        000000
__Htext70                                                        text70       000000
__Htext71                                                        text71       000000
__Htext72                                                        text72       000000
__Htext74                                                        text74       000000
__Htext75                                                        text75       000000
__Htext76                                                        text76       000000
__Htext77                                                        text77       000000
__Htext78                                                        text78       000000
__Htext79                                                        text79       000000
__Htext8                                                         text8        000000
__Htext80                                                        text80       000000
__Htext81                                                        text81       000000
__Htext82                                                        text82       000000
__Htext83                                                        text83       000000
__Htext84                                                        text84       000000
__Htext85                                                        text85       000000
__Htext86                                                        text86       000000
__Htext87                                                        text87       000000
__Htext88                                                        text88       000000
__Htext89                                                        text89       000000
__Htext9                                                         text9        000000
__Htext90                                                        text90       000000
__Htext91                                                        text91       000000
__Htext92                                                        text92       000000
__Htext93                                                        text93       000000
__Htext94                                                        text94       000000
__Htext95                                                        text95       000000
__Htext96                                                        text96       000000
__Htext97                                                        text97       000000
__LRAM                                                           (abs)        000001
__Labs1                                                          abs1         000000
__Lbank0                                                         bank0        000000
__Lbank1                                                         bank1        000000
__Lbank2                                                         bank2        000000
__Lbank3                                                         bank3        000000
__Lbank4                                                         bank4        000000
__Lbank5                                                         bank5        000000
__Lbigbss                                                        bigbss       000000
__Lbigdata                                                       bigdata      000000
__Lbigram                                                        bigram       000000
__Lbss                                                           bss          000000
__LbssBANK0                                                      bssBANK0     000000
__LbssBANK1                                                      bssBANK1     000000
__LbssCOMRAM                                                     bssCOMRAM    000000
__Lcinit                                                         cinit        000000
__Lclrtext                                                       clrtext      000000
__Lcomram                                                        comram       000000
__Lconfig                                                        config       300000
__Lconst                                                         const        000000
__LcstackBANK0                                                   cstackBANK0  000000
__LcstackCOMRAM                                                  cstackCOMRAM 000000
__Ldata                                                          data         000000
__LdataBANK0                                                     dataBANK0    000000
__LdataCOMRAM                                                    dataCOMRAM   000000
__Leeprom_data                                                   eeprom_data  000000
__Lfarbss                                                        farbss       000000
__Lfardata                                                       fardata      000000
__Libigdata                                                      ibigdata     000000
__Lidata                                                         idata        000000
__LidataBANK0                                                    idataBANK0   000000
__LidataCOMRAM                                                   idataCOMRAM  000000
__Lidloc                                                         idloc        200000
__Lifardata                                                      ifardata     000000
__Linit                                                          init         000100
__Lintcode                                                       intcode      000008
__Lintcode_body                                                  intcode_body 000000
__Lintcodelo                                                     intcodelo    000100
__Lintentry                                                      intentry     000000
__Lintret                                                        intret       000000
__Lintsave_regs                                                  intsave_regs 000000
__Lirdata                                                        irdata       000000
__Lmediumconst                                                   mediumconst  007AF6
__LnvFARRAM                                                      nvFARRAM     000000
__Lnvbit                                                         nvbit        000000
__Lnvrram                                                        nvrram       000000
__Lparam                                                         rparam       000000
__Lpowerup                                                       powerup      000100
__Lram                                                           ram          000000
__Lramtop                                                        ramtop       000600
__Lrbit                                                          rbit         000000
__Lrbss                                                          rbss         000000
__Lrdata                                                         rdata        000000
__Lreset_vec                                                     reset_vec    000000
__Lrparam                                                        rparam       000000
__Lsfr                                                           sfr          000000
__Lsmallconst                                                    smallconst   000000
__Lspace_0                                                       (abs)        000000
__Lspace_1                                                       (abs)        000000
__Lspace_2                                                       (abs)        000000
__Lstack                                                         stack        000000
__Lstruct                                                        struct       000000
__Ltemp                                                          temp         00007B
__Ltext                                                          text         000000
__Ltext0                                                         text0        000000
__Ltext1                                                         text1        000000
__Ltext10                                                        text10       000000
__Ltext11                                                        text11       000000
__Ltext12                                                        text12       000000
__Ltext13                                                        text13       000000
__Ltext14                                                        text14       000000
__Ltext15                                                        text15       000000
__Ltext16                                                        text16       000000
__Ltext17                                                        text17       000000
__Ltext18                                                        text18       000000
__Ltext19                                                        text19       000000
__Ltext2                                                         text2        000000
__Ltext20                                                        text20       000000
__Ltext21                                                        text21       000000
__Ltext22                                                        text22       000000
__Ltext23                                                        text23       000000
__Ltext24                                                        text24       000000
__Ltext25                                                        text25       000000
__Ltext26                                                        text26       000000
__Ltext27                                                        text27       000000
__Ltext28                                                        text28       000000
__Ltext29                                                        text29       000000
__Ltext3                                                         text3        000000
__Ltext30                                                        text30       000000
__Ltext31                                                        text31       000000
__Ltext32                                                        text32       000000
__Ltext33                                                        text33       000000
__Ltext34                                                        text34       000000
__Ltext35                                                        text35       000000
__Ltext36                                                        text36       000000
__Ltext37                                                        text37       000000
__Ltext38                                                        text38       000000
__Ltext39                                                        text39       000000
__Ltext4                                                         text4        000000
__Ltext40                                                        text40       000000
__Ltext41                                                        text41       000000
__Ltext42                                                        text42       000000
__Ltext43                                                        text43       000000
__Ltext44                                                        text44       000000
__Ltext45                                                        text45       000000
__Ltext46                                                        text46       000000
__Ltext47                                                        text47       000000
__Ltext48                                                        text48       000000
__Ltext49                                                        text49       000000
__Ltext5                                                         text5        000000
__Ltext50                                                        text50       000000
__Ltext51                                                        text51       000000
__Ltext52                                                        text52       000000
__Ltext53                                                        text53       000000
__Ltext54                                                        text54       000000
__Ltext55                                                        text55       000000
__Ltext56                                                        text56       000000
__Ltext57                                                        text57       000000
__Ltext58                                                        text58       000000
__Ltext59                                                        text59       000000
__Ltext6                                                         text6        000000
__Ltext60                                                        text60       000000
__Ltext61                                                        text61       000000
__Ltext62                                                        text62       000000
__Ltext63                                                        text63       000000
__Ltext64                                                        text64       000000
__Ltext65                                                        text65       000000
__Ltext66                                                        text66       000000
__Ltext67                                                        text67       000000
__Ltext68                                                        text68       000000
__Ltext69                                                        text69       000000
__Ltext7                                                         text7        000000
__Ltext70                                                        text70       000000
__Ltext71                                                        text71       000000
__Ltext72                                                        text72       000000
__Ltext74                                                        text74       000000
__Ltext75                                                        text75       000000
__Ltext76                                                        text76       000000
__Ltext77                                                        text77       000000
__Ltext78                                                        text78       000000
__Ltext79                                                        text79       000000
__Ltext8                                                         text8        000000
__Ltext80                                                        text80       000000
__Ltext81                                                        text81       000000
__Ltext82                                                        text82       000000
__Ltext83                                                        text83       000000
__Ltext84                                                        text84       000000
__Ltext85                                                        text85       000000
__Ltext86                                                        text86       000000
__Ltext87                                                        text87       000000
__Ltext88                                                        text88       000000
__Ltext89                                                        text89       000000
__Ltext9                                                         text9        000000
__Ltext90                                                        text90       000000
__Ltext91                                                        text91       000000
__Ltext92                                                        text92       000000
__Ltext93                                                        text93       000000
__Ltext94                                                        text94       000000
__Ltext95                                                        text95       000000
__Ltext96                                                        text96       000000
__Ltext97                                                        text97       000000
__S0                                                             (abs)        30000E
__S1                                                             (abs)        0001BC
__S2                                                             (abs)        000000
___awdiv                                                         text38       007684
___awdiv@counter                                                 cstackBANK0  000084
___awdiv@dividend                                                cstackBANK0  000080
___awdiv@divisor                                                 cstackBANK0  000082
___awdiv@quotient                                                cstackBANK0  000086
___awdiv@sign                                                    cstackBANK0  000085
___awmod                                                         text37       007440
___awmod@counter                                                 cstackBANK0  000084
___awmod@dividend                                                cstackBANK0  000080
___awmod@divisor                                                 cstackBANK0  000082
___awmod@sign                                                    cstackBANK0  000085
___ftadd                                                         text95       002E22
___ftadd@exp1                                                    cstackCOMRAM 000026
___ftadd@exp2                                                    cstackCOMRAM 000025
___ftadd@f1                                                      cstackCOMRAM 00001B
___ftadd@f2                                                      cstackCOMRAM 00001E
___ftadd@sign                                                    cstackCOMRAM 000024
___ftdiv                                                         text94       007838
___ftdiv@cntr                                                    cstackCOMRAM 000024
___ftdiv@exp                                                     cstackCOMRAM 000028
___ftdiv@f1                                                      cstackCOMRAM 00001B
___ftdiv@f2                                                      cstackCOMRAM 00001E
___ftdiv@f3                                                      cstackCOMRAM 000025
___ftdiv@sign                                                    cstackCOMRAM 000029
___ftge                                                          text93       007198
___ftge@ff1                                                      cstackCOMRAM 000001
___ftge@ff2                                                      cstackCOMRAM 000004
___ftmul                                                         text92       003DBC
___ftmul@cntr                                                    cstackCOMRAM 000019
___ftmul@exp                                                     cstackCOMRAM 000015
___ftmul@f1                                                      cstackCOMRAM 00000C
___ftmul@f2                                                      cstackCOMRAM 00000F
___ftmul@f3_as_product                                           cstackCOMRAM 000016
___ftmul@sign                                                    cstackCOMRAM 00001A
___ftpack                                                        text96       0074F6
___ftpack@arg                                                    cstackCOMRAM 000001
___ftpack@exp                                                    cstackCOMRAM 000004
___ftpack@sign                                                   cstackCOMRAM 000005
___fttol                                                         text91       00791E
___fttol@exp1                                                    cstackCOMRAM 000029
___fttol@f1                                                      cstackCOMRAM 00001B
___fttol@lval                                                    cstackCOMRAM 000025
___fttol@sign1                                                   cstackCOMRAM 000024
___inthi_sp                                                      stack        000000
___intlo_sp                                                      stack        000000
___lldiv                                                         text72       0075BA
___lldiv@counter                                                 cstackBANK0  00008C
___lldiv@dividend                                                cstackBANK0  000080
___lldiv@divisor                                                 cstackBANK0  000084
___lldiv@quotient                                                cstackBANK0  000088
___lwdiv                                                         text53       006FFA
___lwdiv@counter                                                 cstackBANK0  000084
___lwdiv@dividend                                                cstackBANK0  000080
___lwdiv@divisor                                                 cstackBANK0  000082
___lwdiv@quotient                                                cstackBANK0  000085
___lwmod                                                         text52       006E22
___lwmod@counter                                                 cstackBANK0  00008B
___lwmod@dividend                                                cstackBANK0  000087
___lwmod@divisor                                                 cstackBANK0  000089
___lwtoft                                                        text90       006538
___lwtoft@c                                                      cstackCOMRAM 000009
___param_bank                                                    (abs)        000000
___rparam_used                                                   (abs)        000001
___sp                                                            stack        000000
___wmul                                                          text51       0066F0
___wmul@multiplicand                                             cstackBANK0  000082
___wmul@multiplier                                               cstackBANK0  000080
___wmul@product                                                  cstackBANK0  000084
__accesstop                                                      (abs)        000080
__activetblptr                                                   (abs)        000002
__ano                                                            bssBANK0     0000EA
__b_esc                                                          bssCOMRAM    000060
__b_mais                                                         bssCOMRAM    00005C
__b_menos                                                        bssCOMRAM    00005E
__b_ok                                                           bssCOMRAM    00005A
__cntErrataNOP_C:\Users\jonas\AppData\Local\Temp\s3v0.obj        (abs)        000001
__cntErrataNOP_dist/default/production\fire-alarm.production.obj (abs)        000267
__dia                                                            bssBANK0     0000EC
__doprnt                                                         text48       000104
__doprnt@ap                                                      cstackBANK0  000090
__doprnt@c                                                       cstackBANK0  0000A0
__doprnt@cp                                                      cstackBANK0  00009C
__doprnt@f                                                       cstackBANK0  00008E
__doprnt@flag                                                    cstackBANK0  00009B
__doprnt@len                                                     cstackBANK0  000099
__doprnt@pb                                                      cstackBANK0  00008C
__doprnt@prec                                                    cstackBANK0  000096
__doprnt@val                                                     cstackBANK0  000097
__doprnt@width                                                   cstackBANK0  00009E
__end_of_BCDtoDEC                                                text17       006516
__end_of_DECtoBCD                                                text6        006BFA
__end_of_I2C_Master_Init                                         text71       006DB6
__end_of_I2C_Read                                                text35       006818
__end_of_I2C_Restart                                             text34       00645C
__end_of_I2C_Start                                               text65       006444
__end_of_I2C_Stop                                                text64       006450
__end_of_I2C_Wait                                                text66       0064FA
__end_of_I2C_Write                                               text63       006478
__end_of_Lcd_Clear                                               text68       00649A
__end_of_Lcd_Cmd                                                 text69       0065B4
__end_of_Lcd_Init                                                text67       007108
__end_of_Lcd_Port                                                text70       006A76
__end_of_Lcd_Set_Cursor                                          text27       003FA8
__end_of_Lcd_Write_Char                                          text26       006AC0
__end_of_Lcd_Write_String                                        text25       00695A
[...]
      Temps:          0       0       0       0       0       0       0
      Totals:         7       0       0       0       0       0       0
Total ram usage:        7 bytes
 Hardware stack levels used:    1
 Hardware stack levels required when called:    2
 This function calls:
		___ftadd
		___ftdiv
		___ftge
		___ftmul
		___fttol
		___lwtoft
		_readADC
 This function is called by:
		_TIMER
 This function uses a non-reentrant model


 *************** function _readADC *****************
 Defined at:
		line 8 in file "adc.h"
 Parameters:    Size  Location     Type
		None
 Auto vars:     Size  Location     Type
		None
 Return value:  Size  Location     Type
                  2    0[COMRAM] unsigned int 
 Registers used:
		wreg, status,2, status,0
 Tracked objects:
		On entry : 
		On exit  : 
		Unchanged: 
 Data sizes:     COMRAM   BANK0   BANK1   BANK2   BANK3   BANK4   BANK5
      Params:         2       0       0       0       0       0       0
      Locals:         0       0       0       0       0       0       0
      Temps:          2       0       0       0       0       0       0
      Totals:         4       0       0       0       0       0       0
Total ram usage:        4 bytes
 Hardware stack levels used:    1
 This function calls:
		Nothing
 This function is called by:
		_lerTransdutor
 This function uses a non-reentrant model


 *************** function ___lwtoft *****************
 Defined at:
		line 28 in file "C:\Program Files (x86)\Microchip\xc8\v1.41\sources\common\lwtoft.c"
 Parameters:    Size  Location     Type
  c               2    8[COMRAM] unsigned int 
 Auto vars:     Size  Location     Type
		None
 Return value:  Size  Location     Type
                  3    8[COMRAM] float 
 Registers used:
		wreg, status,2, status,0, cstack
 Tracked objects:
		On entry : 
		On exit  : 
		Unchanged: 
 Data sizes:     COMRAM   BANK0   BANK1   BANK2   BANK3   BANK4   BANK5
      Params:         3       0       0       0       0       0       0
      Locals:         0       0       0       0       0       0       0
      Temps:          0       0       0       0       0       0       0
      Totals:         3       0       0       0       0       0       0
Total ram usage:        3 bytes
 Hardware stack levels used:    1
 Hardware stack levels required when called:    1
 This function calls:
		___ftpack
 This function is called by:
		_lerTransdutor
 This function uses a non-reentrant model


 *************** function ___fttol *****************
 Defined at:
		line 44 in file "C:\Program Files (x86)\Microchip\xc8\v1.41\sources\common\fttol.c"
 Parameters:    Size  Location     Type
  f1              3   26[COMRAM] float 
 Auto vars:     Size  Location     Type
  lval            4   36[COMRAM] unsigned long 
  exp1            1   40[COMRAM] unsigned char 
  sign1           1   35[COMRAM] unsigned char 
 Return value:  Size  Location     Type
                  4   26[COMRAM] long 
 Registers used:
		wreg, status,2, status,0
 Tracked objects:
		On entry : 
		On exit  : 
		Unchanged: 
 Data sizes:     COMRAM   BANK0   BANK1   BANK2   BANK3   BANK4   BANK5
      Params:         4       0       0       0       0       0       0
      Locals:         6       0       0       0       0       0       0
      Temps:          5       0       0       0       0       0       0
      Totals:        15       0       0       0       0       0       0
Total ram usage:       15 bytes
 Hardware stack levels used:    1
 This function calls:
		Nothing
 This function is called by:
		_lerTransdutor
 This function uses a non-reentrant model


 *************** function ___ftmul *****************
 Defined at:
		line 62 in file "C:\Program Files (x86)\Microchip\xc8\v1.41\sources\common\ftmul.c"
 Parameters:    Size  Location     Type
  f1              3   11[COMRAM] float 
  f2              3   14[COMRAM] float 
 Auto vars:     Size  Location     Type
  f3_as_produc    3   21[COMRAM] unsigned um
  sign            1   25[COMRAM] unsigned char 
  cntr            1   24[COMRAM] unsigned char 
  exp             1   20[COMRAM] unsigned char 
 Return value:  Size  Location     Type
                  3   11[COMRAM] float 
 Registers used:
		wreg, status,2, status,0, cstack
 Tracked objects:
		On entry : 
		On exit  : 
		Unchanged: 
 Data sizes:     COMRAM   BANK0   BANK1   BANK2   BANK3   BANK4   BANK5
      Params:         6       0       0       0       0       0       0
      Locals:         6       0       0       0       0       0       0
      Temps:          3       0       0       0       0       0       0
      Totals:        15       0       0       0       0       0       0
Total ram usage:       15 bytes
 Hardware stack levels used:    1
 Hardware stack levels required when called:    1
 This function calls:
		___ftpack
 This function is called by:
		_lerTransdutor
		_map
 This function uses a non-reentrant model


 *************** function ___ftge *****************
 Defined at:
		line 4 in file "C:\Program Files (x86)\Microchip\xc8\v1.41\sources\common\ftge.c"
 Parameters:    Size  Location     Type
  ff1             3    0[COMRAM] float 
  ff2             3    3[COMRAM] float 
 Auto vars:     Size  Location     Type
		None
 Return value:  Size  Location     Type
		None               void
 Registers used:
		wreg, status,2, status,0
 Tracked objects:
		On entry : 
		On exit  : 
		Unchanged: 
 Data sizes:     COMRAM   BANK0   BANK1   BANK2   BANK3   BANK4   BANK5
      Params:         6       0       0       0       0       0       0
      Locals:         0       0       0       0       0       0       0
      Temps:          3       0       0       0       0       0       0
      Totals:         9       0       0       0       0       0       0
Total ram usage:        9 bytes
 Hardware stack levels used:    1
 This function calls:
		Nothing
 This function is called by:
		_lerTransdutor
 This function uses a non-reentrant model


 *************** function ___ftdiv *****************
 Defined at:
		line 54 in file "C:\Program Files (x86)\Microchip\xc8\v1.41\sources\common\ftdiv.c"
 Parameters:    Size  Location     Type
  f1              3   26[COMRAM] float 
  f2              3   29[COMRAM] float 
 Auto vars:     Size  Location     Type
  f3              3   36[COMRAM] float 
  sign            1   40[COMRAM] unsigned char 
  exp             1   39[COMRAM] unsigned char 
  cntr            1   35[COMRAM] unsigned char 
 Return value:  Size  Location     Type
                  3   26[COMRAM] float 
 Registers used:
		wreg, status,2, status,0, cstack
 Tracked objects:
		On entry : 
		On exit  : 
		Unchanged: 
 Data sizes:     COMRAM   BANK0   BANK1   BANK2   BANK3   BANK4   BANK5
      Params:         6       0       0       0       0       0       0
      Locals:         6       0       0       0       0       0       0
      Temps:          3       0       0       0       0       0       0
      Totals:        15       0       0       0       0       0       0
Total ram usage:       15 bytes
 Hardware stack levels used:    1
 Hardware stack levels required when called:    1
 This function calls:
		___ftpack
 This function is called by:
		_lerTransdutor
		_map
 This function uses a non-reentrant model


 *************** function ___ftadd *****************
 Defined at:
		line 86 in file "C:\Program Files (x86)\Microchip\xc8\v1.41\sources\common\ftadd.c"
 Parameters:    Size  Location     Type
  f1              3   26[COMRAM] float 
  f2              3   29[COMRAM] float 
 Auto vars:     Size  Location     Type
  exp1            1   37[COMRAM] unsigned char 
  exp2            1   36[COMRAM] unsigned char 
  sign            1   35[COMRAM] unsigned char 
 Return value:  Size  Location     Type
                  3   26[COMRAM] float 
 Registers used:
		wreg, status,2, status,0, cstack
 Tracked objects:
		On entry : 
		On exit  : 
		Unchanged: 
 Data sizes:     COMRAM   BANK0   BANK1   BANK2   BANK3   BANK4   BANK5
      Params:         6       0       0       0       0       0       0
      Locals:         3       0       0       0       0       0       0
      Temps:          3       0       0       0       0       0       0
      Totals:        12       0       0       0       0       0       0
Total ram usage:       12 bytes
 Hardware stack levels used:    1
 Hardware stack levels required when called:    1
 This function calls:
		___ftpack
 This function is called by:
		_lerTransdutor
		_map
 This function uses a non-reentrant model


 *************** function ___ftpack *****************
 Defined at:
		line 62 in file "C:\Program Files (x86)\Microchip\xc8\v1.41\sources\common\float.c"
 Parameters:    Size  Location     Type
  arg             3    0[COMRAM] unsigned um
  exp             1    3[COMRAM] unsigned char 
  sign            1    4[COMRAM] unsigned char 
 Auto vars:     Size  Location     Type
		None
 Return value:  Size  Location     Type
                  3    0[COMRAM] float 
 Registers used:
		wreg, status,2, status,0
 Tracked objects:
		On entry : 
		On exit  : 
		Unchanged: 
 Data sizes:     COMRAM   BANK0   BANK1   BANK2   BANK3   BANK4   BANK5
      Params:         5       0       0       0       0       0       0
      Locals:         0       0       0       0       0       0       0
      Temps:          3       0       0       0       0       0       0
      Totals:         8       0       0       0       0       0       0
Total ram usage:        8 bytes
 Hardware stack levels used:    1
 This function calls:
		Nothing
 This function is called by:
		___ftadd
		___ftdiv
		___ftmul
		___lwtoft
 This function uses a non-reentrant model



MODULE INFORMATION

Module		Function		Class		Link	Load	Size
C:\Program Files (x86)\Microchip\xc8\v1.41\sources\common\lwdiv.c
		___lwdiv       		CODE           	6FFA	0000	135

C:\Program Files (x86)\Microchip\xc8\v1.41\sources\common\lwdiv.c estimated size: 135

tela_ESTACIONARIA.h
		_configurarEstacionaria		CODE           	2FF2	0000	425

tela_ESTACIONARIA.h estimated size: 425

C:\Program Files (x86)\Microchip\xc8\v1.41\sources\common\awdiv.c
		___awdiv       		CODE           	7684	0000	211

C:\Program Files (x86)\Microchip\xc8\v1.41\sources\common\awdiv.c estimated size: 211

shift595.h
		_setShiftREG   		CODE           	6CF6	0000	91
		_clearShiftREG 		CODE           	6856	0000	63

shift595.h estimated size: 154

serial.h
		_putch         		CODE           	649A	0000	21
		_limparBuffer  		CODE           	67A0	0000	61
		_writeChar     		CODE           	6478	0000	17
		_getSerial     		CODE           	3496	0000	357
		_aguardaBuffer 		CODE           	68D4	0000	67

serial.h estimated size: 523

C:\Program Files (x86)\Microchip\xc8\v1.41\sources\common\lldiv.c
		___lldiv       		CODE           	75BA	0000	203

C:\Program Files (x86)\Microchip\xc8\v1.41\sources\common\lldiv.c estimated size: 203

C:\Program Files (x86)\Microchip\xc8\v1.41\sources\common\doprnt.c
		__doprnt       		CODE           	0104	0000	2253

C:\Program Files (x86)\Microchip\xc8\v1.41\sources\common\doprnt.c estimated size: 2253

C:\Program Files (x86)\Microchip\xc8\v1.41\sources\common\fttol.c
		___fttol       		CODE           	791E	0000	233

C:\Program Files (x86)\Microchip\xc8\v1.41\sources\common\fttol.c estimated size: 233

tela_TESTE_BOMBAS.h
		_tela_testeBombas		CODE           	281A	0000	545

tela_TESTE_BOMBAS.h estimated size: 545

C:\Program Files (x86)\Microchip\xc8\v1.41\sources\common\strstr.c
		_strstr        		CODE           	7234	0000	171

C:\Program Files (x86)\Microchip\xc8\v1.41\sources\common\strstr.c estimated size: 171

C:\Program Files (x86)\Microchip\xc8\v1.41\sources\common\Umul16.c
		___wmul        		CODE           	66F0	0000	59

C:\Program Files (x86)\Microchip\xc8\v1.41\sources\common\Umul16.c estimated size: 59

C:\Program Files (x86)\Microchip\xc8\v1.41\sources\common\isdigit.c
		_isdigit       		CODE           	65B4	0000	49

C:\Program Files (x86)\Microchip\xc8\v1.41\sources\common\isdigit.c estimated size: 49

C:\Program Files (x86)\Microchip\xc8\v1.41\sources\common\ftadd.c
		___ftadd       		CODE           	2E22	0000	465

C:\Program Files (x86)\Microchip\xc8\v1.41\sources\common\ftadd.c estimated size: 465

teclado.h
		_readButtons   		CODE           	6F7C	0000	127
		_btPress       		CODE           	6F04	0000	121

teclado.h estimated size: 248

I2C.c
		_I2C_Master_Init		CODE           	6D50	0000	103
		_I2C_Write     		CODE           	646A	0000	15
		_I2C_Stop      		CODE           	6444	0000	13
		_I2C_Wait      		CODE           	64DE	0000	29
		_I2C_Read      		CODE           	67DC	0000	61
		_I2C_Start     		CODE           	6438	0000	13
		_I2C_Restart   		CODE           	6450	0000	13

I2C.c estimated size: 247

C:\Program Files (x86)\Microchip\xc8\v1.41\sources\common\ftge.c
		___ftge        		CODE           	7198	0000	157

C:\Program Files (x86)\Microchip\xc8\v1.41\sources\common\ftge.c estimated size: 157

C:\Program Files (x86)\Microchip\xc8\v1.41\sources\common\sprintf.c
		_sprintf       		CODE           	6C4A	0000	87

C:\Program Files (x86)\Microchip\xc8\v1.41\sources\common\sprintf.c estimated size: 87

tela_TELEFONES.h
		_configuraTelefones		CODE           	13E6	0000	1031

tela_TELEFONES.h estimated size: 1031

registradores.h
		_configuraRegistradores		CODE           	6CA0	0000	87

registradores.h estimated size: 87

tela_DATALOGER.h
		_dataLoger     		CODE           	1E8A	0000	667

tela_DATALOGER.h estimated size: 667

function.c
		_DECtoBCD      		CODE           	6BAA	0000	81
		_BCDtoDEC      		CODE           	64FA	0000	29
		_delay         		CODE           	66B6	0000	59
		_intToFloatStr 		CODE           	72DE	0000	175

function.c estimated size: 344

ds1307.h
		_validaRTC     		CODE           	6B5C	0000	79
		_RTC_Init      		CODE           	667E	0000	57
		_getDS1307TimeDate		CODE           	373E	0000	321
		_setDS1307TimeDate		CODE           	387E	0000	303

ds1307.h estimated size: 760

logs.h
		_salvarLOG     		CODE           	7756	0000	227

logs.h estimated size: 227

eeprom.h
		_readEEPROM16_ext		CODE           	695A	0000	69
		_readEEPROM_ext		CODE           	3FA8	0000	89
		_writeEEPROM16_ext		CODE           	6516	0000	35
		_writeEEPROM_ext		CODE           	699E	0000	71

eeprom.h estimated size: 264

adc.h
		_readADC       		CODE           	6560	0000	41

adc.h estimated size: 41

tela_PRINCIPAL.h
		_telaPrincipal 		CODE           	2A3A	0000	511
		_resetParametros		CODE           	672A	0000	59

tela_PRINCIPAL.h estimated size: 570

controle.h
		_partidaBombaEstacionaria		CODE           	3BC4	0000	257
		_drenarPressao 		CODE           	6894	0000	65
		_acaoBombas    		CODE           	319A	0000	405
		_verificarIntervaloTesteBombas		CODE           	6BFA	0000	81
		_acaoTesteBombas		CODE           	09D0	0000	1479

controle.h estimated size: 2287

C:\Program Files (x86)\Microchip\xc8\v1.41\sources\common\float.c
		___ftpack      		CODE           	74F6	0000	197

C:\Program Files (x86)\Microchip\xc8\v1.41\sources\common\float.c estimated size: 197

C:\Program Files (x86)\Microchip\xc8\v1.41\sources\common\printf.c
		_printf        		CODE           	6AC0	0000	79

C:\Program Files (x86)\Microchip\xc8\v1.41\sources\common\printf.c estimated size: 79

Main.c
		_main          		CODE           	0F96	0000	1105
		_TIMER         		CODE           	0008	0000	249

Main.c estimated size: 1354

shared
		i2_getDS1307TimeDate		CODE           	39AC	0000	275
		i2_I2C_Wait    		CODE           	64C4	0000	27
		i2_I2C_Write   		CODE           	645C	0000	15
		_dpowers       		MEDIUMCONST    	7B27	0000	11
		criarCaracteresCGRAM@F2950		MEDIUMCONST    	7AF7	0000	49
		i2_BCDtoDEC    		CODE           	64AE	0000	23
		i2_I2C_Stop    		CODE           	6420	0000	13
		i2_writeEEPROM_ext		CODE           	6764	0000	61
		i2_I2C_Start   		CODE           	6414	0000	13
		__initialization		CODE           	6E92	0000	101
		i2_I2C_Read    		CODE           	6648	0000	55
		i2_delay       		CODE           	65E4	0000	51
		i2_RTC_Init    		CODE           	6616	0000	51
		i2_I2C_Restart 		CODE           	642C	0000	13

shared estimated size: 758

temporizador.h
		_timer         		CODE           	332E	0000	361

temporizador.h estimated size: 361

C:\Program Files (x86)\Microchip\xc8\v1.41\sources\common\atoi.c
		_atoi          		CODE           	3ABE	0000	263

C:\Program Files (x86)\Microchip\xc8\v1.41\sources\common\atoi.c estimated size: 263

C:\Program Files (x86)\Microchip\xc8\v1.41\sources\common\lwmod.c
		___lwmod       		CODE           	6E22	0000	113

C:\Program Files (x86)\Microchip\xc8\v1.41\sources\common\lwmod.c estimated size: 113

C:\Program Files (x86)\Microchip\xc8\v1.41\sources\common\strlen.c
		_strlen        		CODE           	6DB6	0000	109

C:\Program Files (x86)\Microchip\xc8\v1.41\sources\common\strlen.c estimated size: 109

tela_INFORMACOES.h
		_informacoes   		CODE           	7108	0000	145

tela_INFORMACOES.h estimated size: 145

C:\Program Files (x86)\Microchip\xc8\v1.41\sources\common\awmod.c
		___awmod       		CODE           	7440	0000	183

C:\Program Files (x86)\Microchip\xc8\v1.41\sources\common\awmod.c estimated size: 183

C:\Program Files (x86)\Microchip\xc8\v1.41\sources\common\strchr.c
		_strchr        		CODE           	69E4	0000	73

C:\Program Files (x86)\Microchip\xc8\v1.41\sources\common\strchr.c estimated size: 73

C:\Program Files (x86)\Microchip\xc8\v1.41\sources\common\memset.c
		_memset        		CODE           	6818	0000	63

C:\Program Files (x86)\Microchip\xc8\v1.41\sources\common\memset.c estimated size: 63

util.h
		_lerParametros 		CODE           	35FA	0000	325

util.h estimated size: 325

tela_CONFIG_PRESSAO.h
		_ajusteSP_Bombas		CODE           	1BEE	0000	669

tela_CONFIG_PRESSAO.h estimated size: 669

transdutor.h
		_lerTransdutor 		CODE           	25EE	0000	557

transdutor.h estimated size: 557

lcd.h
		_Lcd_Write_String		CODE           	6916	0000	69
		_Lcd_Init      		CODE           	7080	0000	137
		_Lcd_Write_Char		CODE           	6A76	0000	75
		_Lcd_Cmd       		CODE           	6588	0000	45
		_Lcd_Set_Cursor		CODE           	3EB4	0000	245
		_Lcd_Clear     		CODE           	6488	0000	19
		_atualizarLCD  		CODE           	7A06	0000	241
		_criarCaracteresCGRAM		CODE           	3CC4	0000	249
		_blink         		CODE           	6B0E	0000	79
		_Lcd_Port      		CODE           	6A2C	0000	75

lcd.h estimated size: 1234

C:\Program Files (x86)\Microchip\xc8\v1.41\sources\common\strncmp.c
		_strncmp       		CODE           	738C	0000	181

C:\Program Files (x86)\Microchip\xc8\v1.41\sources\common\strncmp.c estimated size: 181

C:\Program Files (x86)\Microchip\xc8\v1.41\sources\common\ftmul.c
		___ftmul       		CODE           	3DBC	0000	249

C:\Program Files (x86)\Microchip\xc8\v1.41\sources\common\ftmul.c estimated size: 249

comunicacao.h
		_getSinalSIM800L		CODE           	2C38	0000	491
		_comunicarTeste		CODE           	23A8	0000	583
		_enviaSMS      		CODE           	17EC	0000	1027

comunicacao.h estimated size: 2101

C:\Program Files (x86)\Microchip\xc8\v1.41\sources\common\lwtoft.c
		___lwtoft      		CODE           	6538	0000	41

C:\Program Files (x86)\Microchip\xc8\v1.41\sources\common\lwtoft.c estimated size: 41

tela_RELOGIO.h
		_tela_ajusteRTC		CODE           	2124	0000	645

tela_RELOGIO.h estimated size: 645

C:\Program Files (x86)\Microchip\xc8\v1.41\sources\common\ftdiv.c
		___ftdiv       		CODE           	7838	0000	231

C:\Program Files (x86)\Microchip\xc8\v1.41\sources\common\ftdiv.c estimated size: 231

