Microchip MPLAB XC8 Compiler V1.45 ()

Linker command line:

-W-3 --edf=C:\Program Files (x86)\Microchip\xc8\v1.45\dat\en_msgs.txt -cs \
  -h+dist/default/production\PROJECT.FIREALARM.X.production.sym \
  --cmf=dist/default/production\PROJECT.FIREALARM.X.production.cmf -z \
  -Q18F452 -oC:\Users\jonas\AppData\Local\Temp\s5ds.2 \
  -Mdist/default/production/PROJECT.FIREALARM.X.production.map -E1 -ver=XC8 \
  -ASTACK=01E4h-05ffh -pstack=STACK -ACODE=00h-03FFFhx2 -ACONST=00h-07FFFh \
  -ASMALLCONST=0600h-06FFhx122 -AMEDIUMCONST=0600h-07FFFh -ACOMRAM=01h-07Fh \
  -AABS1=00h-05FFh -ABIGRAM=01h-05FFh -ARAM=080h-0FFh,0100h-01FFhx5 \
  -ABANK0=080h-0FFh -ABANK1=0100h-01FFh -ABANK2=0200h-02FFh \
  -ABANK3=0300h-03FFh -ABANK4=0400h-04FFh -ABANK5=0500h-05FFh \
  -ASFR=0F80h-0FFFh -preset_vec=00h,intcode=08h,intcodelo,powerup,init \
  -pramtop=0600h -psmallconst=SMALLCONST -pmediumconst=MEDIUMCONST \
  -pconst=CONST -AFARRAM=00h-00h -ACONFIG=0300000h-030000Dh -pconfig=CONFIG \
  -AIDLOC=0200000h-0200007h -pidloc=IDLOC -AEEDATA=0F00000h-0F000FFh \
  -peeprom_data=EEDATA \
  -prdata=COMRAM,nvrram=COMRAM,nvbit=COMRAM,rbss=COMRAM,rbit=COMRAM \
  -pfarbss=FARRAM,fardata=FARRAM,nvFARRAM=FARRAM \
  -pintsave_regs=BIGRAM,bigbss=BIGRAM,bigdata=BIGRAM -pbss=RAM \
  -pidata=CODE,irdata=CODE,ibigdata=CODE,ifardata=CODE -prparam=COMRAM \
  C:\Users\jonas\AppData\Local\Temp\s5ds.obj \
  dist/default/production\PROJECT.FIREALARM.X.production.obj 

Object code version is 3.11

Machine type is 18F452

Call graph: (short form)




                Name                               Link     Load   Length Selector   Space Scale
C:\Users\jonas\AppData\Local\Temp\s5ds.obj
                text                                  6        6        2        0       0
                init                                 EC       EC        4        4       0
                reset_vec                             0        0        6        0       0
                idloc                            200000   200000        8   200000       0
                config                           300000   300000        E   300000       0
dist/default/production\PROJECT.FIREALARM.X.production.obj
                intcode                               8        8       E4        4       0
                temp                                 74       74        1        1       1
                mediumconst                        7BB8     7BB8      448     3DDC       0
                text98                             37F4     37F4       C4        4       0
                text97                             24E4     24E4      1D0        4       0
                text96                             33D6     33D6       E6        4       0
                text95                             3A12     3A12       9C        4       0
                text94                             301E     301E       F8        4       0
                text93                             32EE     32EE       E8        4       0
                text92                             71AC     71AC       28     38D6       0
                text91                             71D4     71D4       28     38EA       0
                text90                             20BC     20BC      218        4       0
                text89                             3E9A     3E9A       7E        4       0
                text88                             70DA     70DA       18     386D       0
                text87                             703C     703C        C     381E       0
                text86                             7048     7048        C     3824       0
                text85                             7084     7084        E     3842       0
                text84                             7300     7300       32     3980       0
                text83                             7524     7524       3C     3A92       0
                text82                             7142     7142       22     38A1       0
                text81                             7332     7332       32     3999       0
                text80                             70C4     70C4       16     3862       0
                text79                             7364     7364       36     39B2       0
                text78                             7054     7054        C     382A       0
                text77                             2F0C     2F0C      112        4       0
                text76                             34BC     34BC       DC        4       0
                text75                             7A32     7A32       60     3D19       0
                text74                             7886     7886       50     3C43       0
                text73                             7224     7224       2A     3912       0
                text72                             7164     7164       24     38B2       0
                text71                             70A0     70A0       12     3850       0
                text70                              8EE      8EE      7C0        4       0
                text69                             771C     771C       46     3B8E       0
                text68                             724E     724E       2A     3927       0
                text66                             3C7A     3C7A       92        4       0
                text65                             7B54     7B54       64     3DAA       0
                text64                             76D8     76D8       44     3B6C       0
                text63                             7278     7278       2C     393C       0
                text62                             70B2     70B2       12     3859       0
                text61                             3D0C     3D0C       88        4       0
                text60                             70F2     70F2       1A     3879       0
                text59                             7060     7060        C     3830       0
                text58                             706C     706C        C     3836       0
                text57                             7092     7092        E     3849       0
                text56                             7406     7406       38     3A03       0
                text55                             739A     739A       36     39CD       0
                text54                             3202     3202       EC        4       0
                text53                             38B8     38B8       B6        4       0
                text52                             3F8C     3F8C       74        4       0
                text51                             73D0     73D0       36     39E8       0
                text50                             3B48     3B48       9A        4       0
                text49                             3D94     3D94       86        4       0
                text48                             7AF2     7AF2       62     3D79       0
                text47                             78D6     78D6       52     3C6B       0
                text46                             72A4     72A4       2C     3952       0
                text45                             71FC     71FC       28     38FE       0
                text44                             7126     7126       1C     3893       0
                text43                               F0       F0      7FE        4       0
                text42                             77A8     77A8       48     3BD4       0
                text41                             3E1A     3E1A       80        4       0
                text40                             7476     7476       3A     3A3B       0
                text39                             7078     7078        C     383C       0
                text38                             7928     7928       56     3C94       0
                text37                             7762     7762       46     3BB1       0
                text36                             2AA0     2AA0      122        4       0
                text35                             1486     1486      3D8        4       0
                text34                             7560     7560       3C     3AB0       0
                text33                             759C     759C       3C     3ACE       0
                text32                             1C30     1C30      25A        4       0
                text31                             3730     3730       C4        4       0
                text30                             7654     7654       42     3B2A       0
                text29                             74B0     74B0       3A     3A58       0
                text28                             3598     3598       D2        4       0
                text27                             797E     797E       56     3CBF       0
                text26                             185E     185E      3D2        4       0
                text25                             26B4     26B4      16E        4       0
                text24                             366A     366A       C6        4       0
                text23                             22D4     22D4      210        4       0
                text22                             710C     710C       1A     3886       0
                text21                             296C     296C      134        4       0
                text20                             79D4     79D4       5E     3CEA       0
                text19                             743E     743E       38     3A1F       0
                text18                             2CDE     2CDE      11C        4       0
                text17                             77F0     77F0       48     3BF8       0
                text16                             7614     7614       40     3B0A       0
                text15                             7A92     7A92       60     3D49       0
                text14                             3AAE     3AAE       9A        4       0
                text13                             3BE2     3BE2       98        4       0
                text12                             72D0     72D0       30     3968       0
                text11                             3116     3116       EC        4       0
                text10                             74EA     74EA       3A     3A75       0
                text9                              2BC2     2BC2      11C        4       0
                text8                              7188     7188       24     38C4       0
                text7                              75D8     75D8       3C     3AEC       0
                text6                              396E     396E       A4        4       0
                text5                              7696     7696       42     3B4B       0
                text4                              2DFA     2DFA      112        4       0
                text3                              7838     7838       4E     3C1C       0
                text2                              1E8A     1E8A      232        4       0
                text1                              2822     2822      14A        4       0
                text0                              10AE     10AE      3D8        4       0
                cstackCOMRAM                          1        1       43        1       1
                cstackBANK0                          80       80       54       80       1
                bssBANK1                            100      100       E4      100       1
                dataBANK0                            FA       FA        6       80       1
                bssBANK0                             D4       D4       26       80       1
                dataCOMRAM                           6D       6D        6        1       1
                bssCOMRAM                            44       44       29        1       1
                bitbssCOMRAM                        398       73        2        1       1     8
                cinit                              3F18     3F18       74        4       0
                idataBANK0                         7030     7030        6     7030       0
                idataCOMRAM                        7036     7036        6     7036       0

TOTAL           Name                               Link     Load   Length     Space
        CLASS   STACK          

        CLASS   CODE           
                intcode                               8        8       E4         0
                text                                  6        6        2         0
                init                                 EC       EC        4         0
                reset_vec                             0        0        6         0
                text98                             37F4     37F4       C4         0
                text97                             24E4     24E4      1D0         0
                text96                             33D6     33D6       E6         0
                text95                             3A12     3A12       9C         0
                text94                             301E     301E       F8         0
                text93                             32EE     32EE       E8         0
                text92                             71AC     71AC       28         0
                text91                             71D4     71D4       28         0
                text90                             20BC     20BC      218         0
                text89                             3E9A     3E9A       7E         0
                text88                             70DA     70DA       18         0
                text87                             703C     703C        C         0
                text86                             7048     7048        C         0
                text85                             7084     7084        E         0
                text84                             7300     7300       32         0
                text83                             7524     7524       3C         0
                text82                             7142     7142       22         0
                text81                             7332     7332       32         0
                text80                             70C4     70C4       16         0
                text79                             7364     7364       36         0
                text78                             7054     7054        C         0
                text77                             2F0C     2F0C      112         0
                text76                             34BC     34BC       DC         0
                text75                             7A32     7A32       60         0
                text74                             7886     7886       50         0
                text73                             7224     7224       2A         0
                text72                             7164     7164       24         0
                text71                             70A0     70A0       12         0
                text70                              8EE      8EE      7C0         0
                text69                             771C     771C       46         0
                text68                             724E     724E       2A         0
                text66                             3C7A     3C7A       92         0
                text65                             7B54     7B54       64         0
                text64                             76D8     76D8       44         0
                text63                             7278     7278       2C         0
                text62                             70B2     70B2       12         0
                text61                             3D0C     3D0C       88         0
                text60                             70F2     70F2       1A         0
                text59                             7060     7060        C         0
                text58                             706C     706C        C         0
                text57                             7092     7092        E         0
                text56                             7406     7406       38         0
                text55                             739A     739A       36         0
                text54                             3202     3202       EC         0
                text53                             38B8     38B8       B6         0
                text52                             3F8C     3F8C       74         0
                text51                             73D0     73D0       36         0
                text50                             3B48     3B48       9A         0
                text49                             3D94     3D94       86         0
                text48                             7AF2     7AF2       62         0
                text47                             78D6     78D6       52         0
                text46                             72A4     72A4       2C         0
                text45                             71FC     71FC       28         0
                text44                             7126     7126       1C         0
                text43                               F0       F0      7FE         0
                text42                             77A8     77A8       48         0
                text41                             3E1A     3E1A       80         0
                text40                             7476     7476       3A         0
                text39                             7078     7078        C         0
                text38                             7928     7928       56         0
                text37                             7762     7762       46         0
                text36                             2AA0     2AA0      122         0
                text35                             1486     1486      3D8         0
                text34                             7560     7560       3C         0
                text33                             759C     759C       3C         0
                text32                             1C30     1C30      25A         0
                text31                             3730     3730       C4         0
                text30                             7654     7654       42         0
                text29                             74B0     74B0       3A         0
                text28                             3598     3598       D2         0
                text27                             797E     797E       56         0
                text26                             185E     185E      3D2         0
                text25                             26B4     26B4      16E         0
                text24                             366A     366A       C6         0
                text23                             22D4     22D4      210         0
                text22                             710C     710C       1A         0
                text21                             296C     296C      134         0
                text20                             79D4     79D4       5E         0
                text19                             743E     743E       38         0
                text18                             2CDE     2CDE      11C         0
                text17                             77F0     77F0       48         0
                text16                             7614     7614       40         0
                text15                             7A92     7A92       60         0
                text14                             3AAE     3AAE       9A         0
                text13                             3BE2     3BE2       98         0
                text12                             72D0     72D0       30         0
                text11                             3116     3116       EC         0
                text10                             74EA     74EA       3A         0
                text9                              2BC2     2BC2      11C         0
                text8                              7188     7188       24         0
                text7                              75D8     75D8       3C         0
                text6                              396E     396E       A4         0
                text5                              7696     7696       42         0
                text4                              2DFA     2DFA      112         0
                text3                              7838     7838       4E         0
                text2                              1E8A     1E8A      232         0
                text1                              2822     2822      14A         0
                text0                              10AE     10AE      3D8         0
                cinit                              3F18     3F18       74         0
                idataBANK0                         7030     7030        6         0
                idataCOMRAM                        7036     7036        6         0

        CLASS   CONST          

        CLASS   SMALLCONST     

        CLASS   MEDIUMCONST    
                mediumconst                        7BB8     7BB8      448         0

        CLASS   COMRAM         
                temp                                 74       74        1         1
                cstackCOMRAM                          1        1       43         1
                dataCOMRAM                           6D       6D        6         1
                bssCOMRAM                            44       44       29         1
                bitbssCOMRAM                        398       73        2         1

        CLASS   ABS1           

        CLASS   BIGRAM         

        CLASS   RAM            

        CLASS   BANK0          
                cstackBANK0                          80       80       54         1
                dataBANK0                            FA       FA        6         1
                bssBANK0                             D4       D4       26         1

        CLASS   BANK1          
                bssBANK1                            100      100       E4         1

        CLASS   BANK2          

        CLASS   BANK3          

        CLASS   BANK4          

        CLASS   BANK5          

        CLASS   SFR            

        CLASS   FARRAM         

        CLASS   CONFIG         
                config                           300000   300000        E         0

        CLASS   IDLOC          
                idloc                            200000   200000        8         0

        CLASS   EEDATA         



SEGMENTS        Name                           Load    Length   Top    Selector   Space  Class

                reset_vec                      000000  000008  000008         0       0  CODE    
                cstackCOMRAM                   000001  000074  000075         1       1  COMRAM  
                intcode                        000008  003FF8  004000         4       0  CODE    
                cstackBANK0                    000080  000080  000100        80       1  BANK0   
                bssBANK1                       000100  0000E4  0001E4       100       1  BANK1   
                idataBANK0                     007030  000006  007036      7030       0  CODE    
                idataCOMRAM                    007036  000006  00703C      7036       0  CODE    
                text87                         00703C  00000C  007048      381E       0  CODE    
                text86                         007048  00000C  007054      3824       0  CODE    
                text78                         007054  00000C  007060      382A       0  CODE    
                text59                         007060  00000C  00706C      3830       0  CODE    
                text58                         00706C  00000C  007078      3836       0  CODE    
                text39                         007078  00000C  007084      383C       0  CODE    
                text85                         007084  00000E  007092      3842       0  CODE    
                text57                         007092  00000E  0070A0      3849       0  CODE    
                text71                         0070A0  000012  0070B2      3850       0  CODE    
                text62                         0070B2  000012  0070C4      3859       0  CODE    
                text80                         0070C4  000016  0070DA      3862       0  CODE    
                text88                         0070DA  000018  0070F2      386D       0  CODE    
                text60                         0070F2  00001A  00710C      3879       0  CODE    
                text22                         00710C  00001A  007126      3886       0  CODE    
                text44                         007126  00001C  007142      3893       0  CODE    
                text82                         007142  000022  007164      38A1       0  CODE    
                text72                         007164  000024  007188      38B2       0  CODE    
                text8                          007188  000024  0071AC      38C4       0  CODE    
                text92                         0071AC  000028  0071D4      38D6       0  CODE    
                text91                         0071D4  000028  0071FC      38EA       0  CODE    
                text45                         0071FC  000028  007224      38FE       0  CODE    
                text73                         007224  00002A  00724E      3912       0  CODE    
                text68                         00724E  00002A  007278      3927       0  CODE    
                text63                         007278  00002C  0072A4      393C       0  CODE    
                text46                         0072A4  00002C  0072D0      3952       0  CODE    
                text12                         0072D0  000030  007300      3968       0  CODE    
                text84                         007300  000032  007332      3980       0  CODE    
                text81                         007332  000032  007364      3999       0  CODE    
                text79                         007364  000036  00739A      39B2       0  CODE    
                text55                         00739A  000036  0073D0      39CD       0  CODE    
                text51                         0073D0  000036  007406      39E8       0  CODE    
                text56                         007406  000038  00743E      3A03       0  CODE    
                text19                         00743E  000038  007476      3A1F       0  CODE    
                text40                         007476  00003A  0074B0      3A3B       0  CODE    
                text29                         0074B0  00003A  0074EA      3A58       0  CODE    
                text10                         0074EA  00003A  007524      3A75       0  CODE    
                text83                         007524  00003C  007560      3A92       0  CODE    
                text34                         007560  00003C  00759C      3AB0       0  CODE    
                text33                         00759C  00003C  0075D8      3ACE       0  CODE    
                text7                          0075D8  00003C  007614      3AEC       0  CODE    
                text16                         007614  000040  007654      3B0A       0  CODE    
                text30                         007654  000042  007696      3B2A       0  CODE    
                text5                          007696  000042  0076D8      3B4B       0  CODE    
                text64                         0076D8  000044  00771C      3B6C       0  CODE    
                text69                         00771C  000046  007762      3B8E       0  CODE    
                text37                         007762  000046  0077A8      3BB1       0  CODE    
                text42                         0077A8  000048  0077F0      3BD4       0  CODE    
                text17                         0077F0  000048  007838      3BF8       0  CODE    
                text3                          007838  00004E  007886      3C1C       0  CODE    
                text74                         007886  000050  0078D6      3C43       0  CODE    
                text47                         0078D6  000052  007928      3C6B       0  CODE    
                text38                         007928  000056  00797E      3C94       0  CODE    
                text27                         00797E  000056  0079D4      3CBF       0  CODE    
                text20                         0079D4  00005E  007A32      3CEA       0  CODE    
                text75                         007A32  000060  007A92      3D19       0  CODE    
                text15                         007A92  000060  007AF2      3D49       0  CODE    
                text48                         007AF2  000062  007B54      3D79       0  CODE    
                text65                         007B54  000064  007BB8      3DAA       0  CODE    
                mediumconst                    007BB8  000448  008000      3DDC       0  MEDIUMCO
                idloc                          200000  000008  200008    200000       0  IDLOC   
                config                         300000  00000E  30000E    300000       0  CONFIG  


UNUSED ADDRESS RANGES

        Name                Unused          Largest block    Delta
        BANK1            0001E4-0001FF               1C
        BANK2            000200-0002FF              100
        BANK3            000300-0003FF              100
        BANK4            000400-0004FF              100
        BANK5            000500-0005FF              100
        BIGRAM           000075-00007F                B
                         0001E4-0005FF              41C
        CODE             004000-00702F             3030
        COMRAM           000075-00007F                B
        CONST            004000-00702F             3030
        EEDATA           F00000-F000FF              100
        MEDIUMCONST      004000-00702F             3030
        RAM              0001E4-0005FF              100
        SFR              000F80-000FFF               80
        SMALLCONST       004000-00702F              100
        STACK            0001E4-0005FF              41C

                                  Symbol Table

?_I2C_Read                                                                cstackBANK0  000081
?___awdiv                                                                 cstackBANK0  000080
?___awmod                                                                 cstackBANK0  000080
?___ftadd                                                                 cstackCOMRAM 00001B
?___ftdiv                                                                 cstackCOMRAM 00001B
?___ftmul                                                                 cstackCOMRAM 00000C
?___ftpack                                                                cstackCOMRAM 000001
?___fttol                                                                 cstackCOMRAM 00001B
?___lldiv                                                                 cstackBANK0  000080
?___lwdiv                                                                 cstackBANK0  000080
?___lwmod                                                                 cstackBANK0  000087
?___lwtoft                                                                cstackCOMRAM 000009
?___wmul                                                                  cstackBANK0  000080
?__doprnt                                                                 cstackBANK0  00008C
?_atoi                                                                    cstackBANK0  0000C1
?_getSerial                                                               cstackBANK0  0000B7
?_intToFloatStr                                                           cstackBANK0  0000B7
?_printf                                                                  cstackBANK0  0000A1
?_readADC                                                                 cstackCOMRAM 000001
?_readEEPROM16_ext                                                        cstackBANK0  00008E
?_sprintf                                                                 cstackBANK0  0000A1
?_strchr                                                                  cstackBANK0  000080
?_strlen                                                                  cstackBANK0  000080
?_strncmp                                                                 cstackBANK0  000086
?_strstr                                                                  cstackBANK0  00008F
?i2_I2C_Read                                                              cstackCOMRAM 000002
?i2___lwdiv                                                               cstackCOMRAM 000001
?i2___lwmod                                                               cstackCOMRAM 000008
?i2___wmul                                                                cstackCOMRAM 000001
?i2_sprintf                                                               cstackCOMRAM 000022
BCDtoDEC@val                                                              cstackBANK0  000080
DECtoBCD@res                                                              cstackBANK0  000089
DECtoBCD@val                                                              cstackBANK0  000088
I2C_Master_Init@c                                                         cstackBANK0  00008D
I2C_Read@a                                                                cstackBANK0  000081
I2C_Read@temp                                                             cstackBANK0  000083
I2C_Write@d                                                               cstackBANK0  00008A
Lcd_Cmd@a                                                                 cstackBANK0  000082
Lcd_Port@a                                                                cstackBANK0  000080
Lcd_Set_Cursor@a                                                          cstackBANK0  000084
Lcd_Set_Cursor@b                                                          cstackBANK0  000083
Lcd_Set_Cursor@temp                                                       cstackBANK0  000087
Lcd_Set_Cursor@y                                                          cstackBANK0  000086
Lcd_Set_Cursor@z                                                          cstackBANK0  000085
Lcd_Write_Char@a                                                          cstackBANK0  000083
Lcd_Write_Char@tempp                                                      cstackBANK0  000081
Lcd_Write_Char@y                                                          cstackBANK0  000082
Lcd_Write_String@a                                                        cstackBANK0  000084
Lcd_Write_String@i                                                        cstackBANK0  000086
_ACKDT                                                                    (abs)        007E2D
_ACKEN                                                                    (abs)        007E2C
_ADCON0                                                                   (abs)        000FC2
_ADCON0bits                                                               (abs)        000FC2
_ADCON1                                                                   (abs)        000FC1
_ADRESH                                                                   (abs)        000FC4
_ADRESL                                                                   (abs)        000FC3
_BCDtoDEC                                                                 text22       00710C
_DECtoBCD                                                                 text5        007696
_I2C_Master_Init                                                          text65       007B54
_I2C_Read                                                                 text40       007476
_I2C_Restart                                                              text39       007078
_I2C_Start                                                                text59       007060
_I2C_Stop                                                                 text58       00706C
_I2C_Wait                                                                 text60       0070F2
_I2C_Write                                                                text57       007092
_INTCON                                                                   (abs)        000FF2
_INTCONbits                                                               (abs)        000FF2
_Lcd_Clear                                                                text62       0070B2
_Lcd_Cmd                                                                  text63       007278
_Lcd_Init                                                                 text61       003D0C
_Lcd_Port                                                                 text64       0076D8
_Lcd_Set_Cursor                                                           text31       003730
_Lcd_Write_Char                                                           text30       007654
_Lcd_Write_String                                                         text29       0074B0
_PEN                                                                      (abs)        007E2A
_PIE1bits                                                                 (abs)        000F9D
_PIR1bits                                                                 (abs)        000F9E
_PORTAbits                                                                (abs)        000F80
_PORTBbits                                                                (abs)        000F81
_PORTCbits                                                                (abs)        000F82
_PORTDbits                                                                (abs)        000F83
_PORTEbits                                                                (abs)        000F84
_RCEN                                                                     (abs)        007E2B
_RCIF                                                                     (abs)        007CF5
_RCREG                                                                    (abs)        000FAE
_RCSTAbits                                                                (abs)        000FAB
_RSEN                                                                     (abs)        007E29
_RTC_Init                                                                 text56       007406
_SEN                                                                      (abs)        007E28
_SPBRG                                                                    (abs)        000FAF
_SSPADD                                                                   (abs)        000FC8
_SSPBUF                                                                   (abs)        000FC9
_SSPCON1                                                                  (abs)        000FC6
_SSPCON2                                                                  (abs)        000FC5
_SSPSTAT                                                                  (abs)        000FC7
_T0CON                                                                    (abs)        000FD5
_TIMER0                                                                   intcode      000008
_TMR0H                                                                    (abs)        000FD7
_TMR0IF                                                                   (abs)        007F92
_TMR0L                                                                    (abs)        000FD6
_TRISAbits                                                                (abs)        000F92
_TRISBbits                                                                (abs)        000F93
_TRISCbits                                                                (abs)        000F94
_TRISDbits                                                                (abs)        000F95
_TRISEbits                                                                (abs)        000F96
_TXREG                                                                    (abs)        000FAD
_TXSTAbits                                                                (abs)        000FAC
__CFG_BOR$ON                                                              (abs)        000000
__CFG_BORV$20                                                             (abs)        000000
__CFG_CCP2MUX$ON                                                          (abs)        000000
__CFG_CP0$ON                                                              (abs)        000000
__CFG_CP1$ON                                                              (abs)        000000
__CFG_CP2$ON                                                              (abs)        000000
__CFG_CP3$ON                                                              (abs)        000000
__CFG_CPB$OFF                                                             (abs)        000000
__CFG_CPD$ON                                                              (abs)        000000
__CFG_EBTR0$OFF                                                           (abs)        000000
__CFG_EBTR1$OFF                                                           (abs)        000000
__CFG_EBTR2$OFF                                                           (abs)        000000
__CFG_EBTR3$OFF                                                           (abs)        000000
__CFG_EBTRB$ON                                                            (abs)        000000
__CFG_LVP$OFF                                                             (abs)        000000
__CFG_OSC$HS                                                              (abs)        000000
__CFG_OSCS$OFF                                                            (abs)        000000
__CFG_PWRT$OFF                                                            (abs)        000000
__CFG_STVR$ON                                                             (abs)        000000
__CFG_WDT$ON                                                              (abs)        000000
__CFG_WDTPS$128                                                           (abs)        000000
__CFG_WRT0$ON                                                             (abs)        000000
__CFG_WRT1$ON                                                             (abs)        000000
__CFG_WRT2$ON                                                             (abs)        000000
__CFG_WRT3$ON                                                             (abs)        000000
__CFG_WRTB$OFF                                                            (abs)        000000
__CFG_WRTC$OFF                                                            (abs)        000000
__CFG_WRTD$OFF                                                            (abs)        000000
__HRAM                                                                    (abs)        000000
__Habs1                                                                   abs1         000000
__Hbank0                                                                  bank0        000000
__Hbank1                                                                  bank1        000000
__Hbank2                                                                  bank2        000000
__Hbank3                                                                  bank3        000000
__Hbank4                                                                  bank4        000000
__Hbank5                                                                  bank5        000000
__Hbigbss                                                                 bigbss       000000
__Hbigdata                                                                bigdata      000000
__Hbigram                                                                 bigram       000000
__HbitbssCOMRAM                                                           bitbssCOMRAM 000000
__Hbss                                                                    bss          000000
__HbssBANK0                                                               bssBANK0     000000
__HbssBANK1                                                               bssBANK1     000000
__HbssCOMRAM                                                              bssCOMRAM    000000
__Hcinit                                                                  cinit        000000
__Hclrtext                                                                clrtext      000000
__Hcomram                                                                 comram       000000
__Hconfig                                                                 config       30000E
__Hconst                                                                  const        000000
__HcstackBANK0                                                            cstackBANK0  000000
__HcstackCOMRAM                                                           cstackCOMRAM 000000
__Hdata                                                                   data         000000
__HdataBANK0                                                              dataBANK0    000000
__HdataCOMRAM                                                             dataCOMRAM   000000
__Heeprom_data                                                            eeprom_data  000000
__Hfarbss                                                                 farbss       000000
__Hfardata                                                                fardata      000000
__Hibigdata                                                               ibigdata     000000
__Hidata                                                                  idata        000000
__HidataBANK0                                                             idataBANK0   000000
__HidataCOMRAM                                                            idataCOMRAM  000000
__Hidloc                                                                  idloc        200008
__Hifardata                                                               ifardata     000000
__Hinit                                                                   init         0000F0
__Hintcode                                                                intcode      0000EC
__Hintcode_body                                                           intcode_body 000000
__Hintcodelo                                                              intcodelo    0000EC
__Hintentry                                                               intentry     000000
__Hintret                                                                 intret       000000
__Hintsave_regs                                                           intsave_regs 000000
__Hirdata                                                                 irdata       000000
__Hmediumconst                                                            mediumconst  008000
__HnvFARRAM                                                               nvFARRAM     000000
__Hnvbit                                                                  nvbit        000000
__Hnvrram                                                                 nvrram       000000
__Hparam                                                                  rparam       000000
__Hpowerup                                                                powerup      0000EC
__Hram                                                                    ram          000000
__Hramtop                                                                 ramtop       000600
__Hrbit                                                                   rbit         000000
__Hrbss                                                                   rbss         000000
__Hrdata                                                                  rdata        000000
__Hreset_vec                                                              reset_vec    000006
__Hrparam                                                                 rparam       000000
__Hsfr                                                                    sfr          000000
__Hsmallconst                                                             smallconst   000000
__Hspace_0                                                                (abs)        30000E
__Hspace_1                                                                (abs)        00039A
__Hspace_2                                                                (abs)        000000
__Hstack                                                                  stack        000000
__Hstruct                                                                 struct       000000
__Htemp                                                                   temp         000075
__Htext                                                                   text         000000
__Htext0                                                                  text0        000000
__Htext1                                                                  text1        000000
__Htext10                                                                 text10       000000
__Htext11                                                                 text11       000000
__Htext12                                                                 text12       000000
__Htext13                                                                 text13       000000
__Htext14                                                                 text14       000000
__Htext15                                                                 text15       000000
__Htext16                                                                 text16       000000
__Htext17                                                                 text17       000000
__Htext18                                                                 text18       000000
__Htext19                                                                 text19       000000
__Htext2                                                                  text2        000000
__Htext20                                                                 text20       000000
__Htext21                                                                 text21       000000
__Htext22                                                                 text22       000000
__Htext23                                                                 text23       000000
__Htext24                                                                 text24       000000
__Htext25                                                                 text25       000000
__Htext26                                                                 text26       000000
__Htext27                                                                 text27       000000
__Htext28                                                                 text28       000000
__Htext29                                                                 text29       000000
__Htext3                                                                  text3        000000
__Htext30                                                                 text30       000000
__Htext31                                                                 text31       000000
__Htext32                                                                 text32       000000
__Htext33                                                                 text33       000000
__Htext34                                                                 text34       000000
__Htext35                                                                 text35       000000
__Htext36                                                                 text36       000000
__Htext37                                                                 text37       000000
__Htext38                                                                 text38       000000
__Htext39                                                                 text39       000000
__Htext4                                                                  text4        000000
__Htext40                                                                 text40       000000
__Htext41                                                                 text41       000000
__Htext42                                                                 text42       000000
__Htext43                                                                 text43       000000
__Htext44                                                                 text44       000000
__Htext45                                                                 text45       000000
__Htext46                                                                 text46       000000
__Htext47                                                                 text47       000000
__Htext48                                                                 text48       000000
__Htext49                                                                 text49       000000
__Htext5                                                                  text5        000000
__Htext50                                                                 text50       000000
__Htext51                                                                 text51       000000
__Htext52                                                                 text52       000000
__Htext53                                                                 text53       000000
__Htext54                                                                 text54       000000
__Htext55                                                                 text55       000000
__Htext56                                                                 text56       000000
__Htext57                                                                 text57       000000
__Htext58                                                                 text58       000000
__Htext59                                                                 text59       000000
__Htext6                                                                  text6        000000
__Htext60                                                                 text60       000000
__Htext61                                                                 text61       000000
__Htext62                                                                 text62       000000
__Htext63                                                                 text63       000000
__Htext64                                                                 text64       000000
__Htext65                                                                 text65       000000
__Htext66                                                                 text66       000000
__Htext68                                                                 text68       000000
__Htext69                                                                 text69       000000
__Htext7                                                                  text7        000000
__Htext70                                                                 text70       000000
__Htext71                                                                 text71       000000
__Htext72                                                                 text72       000000
__Htext73                                                                 text73       000000
__Htext74                                                                 text74       000000
__Htext75                                                                 text75       000000
__Htext76                                                                 text76       000000
__Htext77                                                                 text77       000000
__Htext78                                                                 text78       000000
__Htext79                                                                 text79       000000
__Htext8                                                                  text8        000000
__Htext80                                                                 text80       000000
__Htext81                                                                 text81       000000
__Htext82                                                                 text82       000000
__Htext83                                                                 text83       000000
__Htext84                                                                 text84       000000
__Htext85                                                                 text85       000000
__Htext86                                                                 text86       000000
__Htext87                                                                 text87       000000
__Htext88                                                                 text88       000000
__Htext89                                                                 text89       000000
__Htext9                                                                  text9        000000
__Htext90                                                                 text90       000000
__Htext91                                                                 text91       000000
__Htext92                                                                 text92       000000
__Htext93                                                                 text93       000000
__Htext94                                                                 text94       000000
__Htext95                                                                 text95       000000
__Htext96                                                                 text96       000000
__Htext97                                                                 text97       000000
__Htext98                                                                 text98       000000
__Htext99                                                                 text99       000000
__LRAM                                                                    (abs)        000001
__Labs1                                                                   abs1         000000
__Lbank0                                                                  bank0        000000
__Lbank1                                                                  bank1        000000
__Lbank2                                                                  bank2        000000
__Lbank3                                                                  bank3        000000
__Lbank4                                                                  bank4        000000
__Lbank5                                                                  bank5        000000
__Lbigbss                                                                 bigbss       000000
__Lbigdata                                                                bigdata      000000
__Lbigram                                                                 bigram       000000
__LbitbssCOMRAM                                                           bitbssCOMRAM 000000
__Lbss                                                                    bss          000000
__LbssBANK0                                                               bssBANK0     000000
__LbssBANK1                                                               bssBANK1     000000
__LbssCOMRAM                                                              bssCOMRAM    000000
__Lcinit                                                                  cinit        000000
__Lclrtext                                                                clrtext      000000
__Lcomram                                                                 comram       000000
__Lconfig                                                                 config       300000
__Lconst                                                                  const        000000
__LcstackBANK0                                                            cstackBANK0  000000
__LcstackCOMRAM                                                           cstackCOMRAM 000000
__Ldata                                                                   data         000000
__LdataBANK0                                                              dataBANK0    000000
__LdataCOMRAM                                                             dataCOMRAM   000000
__Leeprom_data                                                            eeprom_data  000000
__Lfarbss                                                                 farbss       000000
__Lfardata                                                                fardata      000000
__Libigdata                                                               ibigdata     000000
__Lidata                                                                  idata        000000
__LidataBANK0                                                             idataBANK0   000000
__LidataCOMRAM                                                            idataCOMRAM  000000
__Lidloc                                                                  idloc        200000
__Lifardata                                                               ifardata     000000
__Linit                                                                   init         0000EC
__Lintcode                                                                intcode      000008
__Lintcode_body                                                           intcode_body 000000
__Lintcodelo                                                              intcodelo    0000EC
__Lintentry                                                               intentry     000000
__Lintret                                                                 intret       000000
__Lintsave_regs                                                           intsave_regs 000000
__Lirdata                                                                 irdata       000000
__Lmediumconst                                                            mediumconst  007BB8
__LnvFARRAM                                                               nvFARRAM     000000
__Lnvbit                                                                  nvbit        000000
__Lnvrram                                                                 nvrram       000000
__Lparam                                                                  rparam       000000
__Lpowerup                                                                powerup      0000EC
__Lram                                                                    ram          000000
__Lramtop                                                                 ramtop       000600
__Lrbit                                                                   rbit         000000
__Lrbss                                                                   rbss         000000
__Lrdata                                                                  rdata        000000
__Lreset_vec                                                              reset_vec    000000
__Lrparam                                                                 rparam       000000
__Lsfr                                                                    sfr          000000
__Lsmallconst                                                             smallconst   000000
__Lspace_0                                                                (abs)        000000
__Lspace_1                                                                (abs)        000000
__Lspace_2                                                                (abs)        000000
__Lstack                                                                  stack        000000
__Lstruct                                                                 struct       000000
__Ltemp                                                                   temp         000074
__Ltext                                                                   text         000000
__Ltext0                                                                  text0        000000
__Ltext1                                                                  text1        000000
__Ltext10                                                                 text10       000000
__Ltext11                                                                 text11       000000
__Ltext12                                                                 text12       000000
__Ltext13                                                                 text13       000000
__Ltext14                                                                 text14       000000
__Ltext15                                                                 text15       000000
__Ltext16                                                                 text16       000000
__Ltext17                                                                 text17       000000
__Ltext18                                                                 text18       000000
__Ltext19                                                                 text19       000000
__Ltext2                                                                  text2        000000
__Ltext20                                                                 text20       000000
__Ltext21                                                                 text21       000000
__Ltext22                                                                 text22       000000
__Ltext23                                                                 text23       000000
__Ltext24                                                                 text24       000000
__Ltext25                                                                 text25       000000
__Ltext26                                                                 text26       000000
__Ltext27                                                                 text27       000000
__Ltext28                                                                 text28       000000
__Ltext29                                                                 text29       000000
__Ltext3                                                                  text3        000000
__Ltext30                                                                 text30       000000
__Ltext31                                                                 text31       000000
__Ltext32                                                                 text32       000000
__Ltext33                                                                 text33       000000
__Ltext34                                                                 text34       000000
__Ltext35                                                                 text35       000000
__Ltext36                                                                 text36       000000
__Ltext37                                                                 text37       000000
__Ltext38                                                                 text38       000000
__Ltext39                                                                 text39       000000
__Ltext4                                                                  text4        000000
__Ltext40                                                                 text40       000000
__Ltext41                                                                 text41       000000
__Ltext42                                                                 text42       000000
__Ltext43                                                                 text43       000000
__Ltext44                                                                 text44       000000
__Ltext45                                                                 text45       000000
__Ltext46                                                                 text46       000000
__Ltext47                                                                 text47       000000
__Ltext48                                                                 text48       000000
__Ltext49                                                                 text49       000000
__Ltext5                                                                  text5        000000
__Ltext50                                                                 text50       000000
__Ltext51                                                                 text51       000000
__Ltext52                                                                 text52       000000
__Ltext53                                                                 text53       000000
__Ltext54                                                                 text54       000000
__Ltext55                                                                 text55       000000
__Ltext56                                                                 text56       000000
__Ltext57                                                                 text57       000000
__Ltext58                                                                 text58       000000
__Ltext59                                                                 text59       000000
__Ltext6                                                                  text6        000000
__Ltext60                                                                 text60       000000
__Ltext61                                                                 text61       000000
__Ltext62                                                                 text62       000000
__Ltext63                                                                 text63       000000
__Ltext64                                                                 text64       000000
__Ltext65                                                                 text65       000000
__Ltext66                                                                 text66       000000
__Ltext68                                                                 text68       000000
__Ltext69                                                                 text69       000000
__Ltext7                                                                  text7        000000
__Ltext70                                                                 text70       000000
__Ltext71                                                                 text71       000000
__Ltext72                                                                 text72       000000
__Ltext73                                                                 text73       000000
__Ltext74                                                                 text74       000000
__Ltext75                                                                 text75       000000
__Ltext76                                                                 text76       000000
__Ltext77                                                                 text77       000000
__Ltext78                                                                 text78       000000
__Ltext79                                                                 text79       000000
__Ltext8                                                                  text8        000000
__Ltext80                                                                 text80       000000
__Ltext81                                                                 text81       000000
__Ltext82                                                                 text82       000000
__Ltext83                                                                 text83       000000
__Ltext84                                                                 text84       000000
__Ltext85                                                                 text85       000000
__Ltext86                                                                 text86       000000
__Ltext87                                                                 text87       000000
__Ltext88                                                                 text88       000000
__Ltext89                                                                 text89       000000
__Ltext9                                                                  text9        000000
__Ltext90                                                                 text90       000000
__Ltext91                                                                 text91       000000
__Ltext92                                                                 text92       000000
__Ltext93                                                                 text93       000000
__Ltext94                                                                 text94       000000
__Ltext95                                                                 text95       000000
__Ltext96                                                                 text96       000000
__Ltext97                                                                 text97       000000
__Ltext98                                                                 text98       000000
__Ltext99                                                                 text99       000000
__S0                                                                      (abs)        30000E
__S1                                                                      (abs)        0001E4
__S2                                                                      (abs)        000000
___awdiv                                                                  text50       003B48
___awdiv@counter                                                          cstackBANK0  000084
___awdiv@dividend                                                         cstackBANK0  000080
___awdiv@divisor                                                          cstackBANK0  000082
___awdiv@quotient                                                         cstackBANK0  000086
___awdiv@sign                                                             cstackBANK0  000085
___awmod                                                                  text49       003D94
___awmod@counter                                                          cstackBANK0  000084
___awmod@dividend                                                         cstackBANK0  000080
___awmod@divisor                                                          cstackBANK0  000082
___awmod@sign                                                             cstackBANK0  000085
___ftadd                                                                  text97       0024E4
___ftadd@exp1                                                             cstackCOMRAM 000026
___ftadd@exp2                                                             cstackCOMRAM 000025
___ftadd@f1                                                               cstackCOMRAM 00001B
___ftadd@f2                                                               cstackCOMRAM 00001E
___ftadd@sign                                                             cstackCOMRAM 000024
___ftdiv                                                                  text96       0033D6
___ftdiv@cntr                                                             cstackCOMRAM 000024
___ftdiv@exp                                                              cstackCOMRAM 000028
___ftdiv@f1                                                               cstackCOMRAM 00001B
___ftdiv@f2                                                               cstackCOMRAM 00001E
___ftdiv@f3                                                               cstackCOMRAM 000025
___ftdiv@sign                                                             cstackCOMRAM 000029
___ftge                                                                   text95       003A12
___ftge@ff1                                                               cstackCOMRAM 000001
___ftge@ff2                                                               cstackCOMRAM 000004
___ftmul                                                                  text94       00301E
___ftmul@cntr                                                             cstackCOMRAM 000019
___ftmul@exp                                                              cstackCOMRAM 000015
___ftmul@f1                                                               cstackCOMRAM 00000C
___ftmul@f2                                                               cstackCOMRAM 00000F
___ftmul@f3_as_product                                                    cstackCOMRAM 000016
___ftmul@sign                                                             cstackCOMRAM 00001A
___ftpack                                                                 text98       0037F4
___ftpack@arg                                                             cstackCOMRAM 000001
___ftpack@exp                                                             cstackCOMRAM 000004
___ftpack@sign                                                            cstackCOMRAM 000005
___fttol                                                                  text93       0032EE
___fttol@exp1                                                             cstackCOMRAM 000029
___fttol@f1                                                               cstackCOMRAM 00001B
___fttol@lval                                                             cstackCOMRAM 000025
___fttol@sign1                                                            cstackCOMRAM 000024
___inthi_sp                                                               stack        000000
___intlo_sp                                                               stack        000000
___lldiv                                                                  text66       003C7A
___lldiv@counter                                                          cstackBANK0  00008C
___lldiv@dividend                                                         cstackBANK0  000080
___lldiv@divisor                                                          cstackBANK0  000084
___lldiv@quotient                                                         cstackBANK0  000088
___lwdiv                                                                  text48       007AF2
___lwdiv@counter                                                          cstackBANK0  000086
___lwdiv@dividend                                                         cstackBANK0  000080
___lwdiv@divisor                                                          cstackBANK0  000082
___lwdiv@quotient                                                         cstackBANK0  000084
___lwmod                                                                  text47       0078D6
___lwmod@counter                                                          cstackBANK0  00008B
[...]
 Auto vars:     Size  Location     Type
  tensao          3   45[COMRAM] float 
  _pressao        3   42[COMRAM] float 
  i               1   41[COMRAM] unsigned char 
 Return value:  Size  Location     Type
                  1    wreg      void 
 Registers used:
		wreg, status,2, status,0, cstack
 Tracked objects:
		On entry : 
		On exit  : 
		Unchanged: 
 Data sizes:     COMRAM   BANK0   BANK1   BANK2   BANK3   BANK4   BANK5
      Params:         0       0       0       0       0       0       0
      Locals:         7       0       0       0       0       0       0
      Temps:          0       0       0       0       0       0       0
      Totals:         7       0       0       0       0       0       0
Total ram usage:        7 bytes
 Hardware stack levels used:    1
 Hardware stack levels required when called:    2
 This function calls:
		___ftadd
		___ftdiv
		___ftge
		___ftmul
		___fttol
		___lwtoft
		_readADC
 This function is called by:
		_TIMER0
 This function uses a non-reentrant model


 *************** function _readADC *****************
 Defined at:
		line 8 in file "adc.h"
 Parameters:    Size  Location     Type
		None
 Auto vars:     Size  Location     Type
		None
 Return value:  Size  Location     Type
                  2    0[COMRAM] unsigned int 
 Registers used:
		wreg, status,2, status,0
 Tracked objects:
		On entry : 
		On exit  : 
		Unchanged: 
 Data sizes:     COMRAM   BANK0   BANK1   BANK2   BANK3   BANK4   BANK5
      Params:         2       0       0       0       0       0       0
      Locals:         0       0       0       0       0       0       0
      Temps:          2       0       0       0       0       0       0
      Totals:         4       0       0       0       0       0       0
Total ram usage:        4 bytes
 Hardware stack levels used:    1
 This function calls:
		Nothing
 This function is called by:
		_lerTransdutor
 This function uses a non-reentrant model


 *************** function ___lwtoft *****************
 Defined at:
		line 28 in file "C:\Program Files (x86)\Microchip\xc8\v1.45\sources\common\lwtoft.c"
 Parameters:    Size  Location     Type
  c               2    8[COMRAM] unsigned int 
 Auto vars:     Size  Location     Type
		None
 Return value:  Size  Location     Type
                  3    8[COMRAM] float 
 Registers used:
		wreg, status,2, status,0, cstack
 Tracked objects:
		On entry : 
		On exit  : 
		Unchanged: 
 Data sizes:     COMRAM   BANK0   BANK1   BANK2   BANK3   BANK4   BANK5
      Params:         3       0       0       0       0       0       0
      Locals:         0       0       0       0       0       0       0
      Temps:          0       0       0       0       0       0       0
      Totals:         3       0       0       0       0       0       0
Total ram usage:        3 bytes
 Hardware stack levels used:    1
 Hardware stack levels required when called:    1
 This function calls:
		___ftpack
 This function is called by:
		_lerTransdutor
 This function uses a non-reentrant model


 *************** function ___fttol *****************
 Defined at:
		line 44 in file "C:\Program Files (x86)\Microchip\xc8\v1.45\sources\common\fttol.c"
 Parameters:    Size  Location     Type
  f1              3   26[COMRAM] float 
 Auto vars:     Size  Location     Type
  lval            4   36[COMRAM] unsigned long 
  exp1            1   40[COMRAM] unsigned char 
  sign1           1   35[COMRAM] unsigned char 
 Return value:  Size  Location     Type
                  4   26[COMRAM] long 
 Registers used:
		wreg, status,2, status,0
 Tracked objects:
		On entry : 
		On exit  : 
		Unchanged: 
 Data sizes:     COMRAM   BANK0   BANK1   BANK2   BANK3   BANK4   BANK5
      Params:         4       0       0       0       0       0       0
      Locals:         6       0       0       0       0       0       0
      Temps:          5       0       0       0       0       0       0
      Totals:        15       0       0       0       0       0       0
Total ram usage:       15 bytes
 Hardware stack levels used:    1
 This function calls:
		Nothing
 This function is called by:
		_lerTransdutor
 This function uses a non-reentrant model


 *************** function ___ftmul *****************
 Defined at:
		line 62 in file "C:\Program Files (x86)\Microchip\xc8\v1.45\sources\common\ftmul.c"
 Parameters:    Size  Location     Type
  f1              3   11[COMRAM] float 
  f2              3   14[COMRAM] float 
 Auto vars:     Size  Location     Type
  f3_as_produc    3   21[COMRAM] unsigned um
  sign            1   25[COMRAM] unsigned char 
  cntr            1   24[COMRAM] unsigned char 
  exp             1   20[COMRAM] unsigned char 
 Return value:  Size  Location     Type
                  3   11[COMRAM] float 
 Registers used:
		wreg, status,2, status,0, cstack
 Tracked objects:
		On entry : 
		On exit  : 
		Unchanged: 
 Data sizes:     COMRAM   BANK0   BANK1   BANK2   BANK3   BANK4   BANK5
      Params:         6       0       0       0       0       0       0
      Locals:         6       0       0       0       0       0       0
      Temps:          3       0       0       0       0       0       0
      Totals:        15       0       0       0       0       0       0
Total ram usage:       15 bytes
 Hardware stack levels used:    1
 Hardware stack levels required when called:    1
 This function calls:
		___ftpack
 This function is called by:
		_lerTransdutor
		_map
 This function uses a non-reentrant model


 *************** function ___ftge *****************
 Defined at:
		line 4 in file "C:\Program Files (x86)\Microchip\xc8\v1.45\sources\common\ftge.c"
 Parameters:    Size  Location     Type
  ff1             3    0[COMRAM] float 
  ff2             3    3[COMRAM] float 
 Auto vars:     Size  Location     Type
		None
 Return value:  Size  Location     Type
		None               void
 Registers used:
		wreg, status,2, status,0
 Tracked objects:
		On entry : 
		On exit  : 
		Unchanged: 
 Data sizes:     COMRAM   BANK0   BANK1   BANK2   BANK3   BANK4   BANK5
      Params:         6       0       0       0       0       0       0
      Locals:         0       0       0       0       0       0       0
      Temps:          3       0       0       0       0       0       0
      Totals:         9       0       0       0       0       0       0
Total ram usage:        9 bytes
 Hardware stack levels used:    1
 This function calls:
		Nothing
 This function is called by:
		_lerTransdutor
 This function uses a non-reentrant model


 *************** function ___ftdiv *****************
 Defined at:
		line 54 in file "C:\Program Files (x86)\Microchip\xc8\v1.45\sources\common\ftdiv.c"
 Parameters:    Size  Location     Type
  f1              3   26[COMRAM] float 
  f2              3   29[COMRAM] float 
 Auto vars:     Size  Location     Type
  f3              3   36[COMRAM] float 
  sign            1   40[COMRAM] unsigned char 
  exp             1   39[COMRAM] unsigned char 
  cntr            1   35[COMRAM] unsigned char 
 Return value:  Size  Location     Type
                  3   26[COMRAM] float 
 Registers used:
		wreg, status,2, status,0, cstack
 Tracked objects:
		On entry : 
		On exit  : 
		Unchanged: 
 Data sizes:     COMRAM   BANK0   BANK1   BANK2   BANK3   BANK4   BANK5
      Params:         6       0       0       0       0       0       0
      Locals:         6       0       0       0       0       0       0
      Temps:          3       0       0       0       0       0       0
      Totals:        15       0       0       0       0       0       0
Total ram usage:       15 bytes
 Hardware stack levels used:    1
 Hardware stack levels required when called:    1
 This function calls:
		___ftpack
 This function is called by:
		_lerTransdutor
		_map
 This function uses a non-reentrant model


 *************** function ___ftadd *****************
 Defined at:
		line 86 in file "C:\Program Files (x86)\Microchip\xc8\v1.45\sources\common\ftadd.c"
 Parameters:    Size  Location     Type
  f1              3   26[COMRAM] float 
  f2              3   29[COMRAM] float 
 Auto vars:     Size  Location     Type
  exp1            1   37[COMRAM] unsigned char 
  exp2            1   36[COMRAM] unsigned char 
  sign            1   35[COMRAM] unsigned char 
 Return value:  Size  Location     Type
                  3   26[COMRAM] float 
 Registers used:
		wreg, status,2, status,0, cstack
 Tracked objects:
		On entry : 
		On exit  : 
		Unchanged: 
 Data sizes:     COMRAM   BANK0   BANK1   BANK2   BANK3   BANK4   BANK5
      Params:         6       0       0       0       0       0       0
      Locals:         3       0       0       0       0       0       0
      Temps:          3       0       0       0       0       0       0
      Totals:        12       0       0       0       0       0       0
Total ram usage:       12 bytes
 Hardware stack levels used:    1
 Hardware stack levels required when called:    1
 This function calls:
		___ftpack
 This function is called by:
		_lerTransdutor
		_map
 This function uses a non-reentrant model


 *************** function ___ftpack *****************
 Defined at:
		line 62 in file "C:\Program Files (x86)\Microchip\xc8\v1.45\sources\common\float.c"
 Parameters:    Size  Location     Type
  arg             3    0[COMRAM] unsigned um
  exp             1    3[COMRAM] unsigned char 
  sign            1    4[COMRAM] unsigned char 
 Auto vars:     Size  Location     Type
		None
 Return value:  Size  Location     Type
                  3    0[COMRAM] float 
 Registers used:
		wreg, status,2, status,0
 Tracked objects:
		On entry : 
		On exit  : 
		Unchanged: 
 Data sizes:     COMRAM   BANK0   BANK1   BANK2   BANK3   BANK4   BANK5
      Params:         5       0       0       0       0       0       0
      Locals:         0       0       0       0       0       0       0
      Temps:          3       0       0       0       0       0       0
      Totals:         8       0       0       0       0       0       0
Total ram usage:        8 bytes
 Hardware stack levels used:    1
 This function calls:
		Nothing
 This function is called by:
		___ftadd
		___ftdiv
		___ftmul
		___lwtoft
 This function uses a non-reentrant model



MODULE INFORMATION

Module		Function		Class		Link	Load	Size
tela_ESTACIONARIA.h
		_configurarEstacionaria		CODE           	26B4	0000	367

tela_ESTACIONARIA.h estimated size: 367

tela_TESTE.h
		_telaTeste     		CODE           	396E	0000	165

tela_TESTE.h estimated size: 165

shift595.h
		_setShiftREG   		CODE           	77F0	0000	73
		_clearShiftREG 		CODE           	73D0	0000	55

shift595.h estimated size: 128

serial.h
		_putch         		CODE           	7126	0000	29
		_limparBuffer  		CODE           	7188	0000	37
		_getSerial     		CODE           	2BC2	0000	285
		_aguardaBuffer 		CODE           	72D0	0000	49
		_tratarSerial  		CODE           	724E	0000	43

serial.h estimated size: 443

C:\Program Files (x86)\Microchip\xc8\v1.45\sources\common\float.c
		___ftpack      		CODE           	37F4	0000	197

C:\Program Files (x86)\Microchip\xc8\v1.45\sources\common\float.c estimated size: 197

C:\Program Files (x86)\Microchip\xc8\v1.45\sources\common\doprnt.c
		__doprnt       		CODE           	00F0	0000	2047

C:\Program Files (x86)\Microchip\xc8\v1.45\sources\common\doprnt.c estimated size: 2047

tela_TESTE_BOMBAS.h
		_tela_testeBombas		CODE           	2822	0000	331

tela_TESTE_BOMBAS.h estimated size: 331

C:\Program Files (x86)\Microchip\xc8\v1.45\sources\common\Umul16.c
		___wmul        		CODE           	72A4	0000	45

C:\Program Files (x86)\Microchip\xc8\v1.45\sources\common\Umul16.c estimated size: 45

teclado.h
		_readButtons   		CODE           	3E9A	0000	127
		_btPress       		CODE           	3F8C	0000	117

teclado.h estimated size: 244

C:\Program Files (x86)\Microchip\xc8\v1.45\sources\common\ftge.c
		___ftge        		CODE           	3A12	0000	157

C:\Program Files (x86)\Microchip\xc8\v1.45\sources\common\ftge.c estimated size: 157

I2C.c
		_I2C_Master_Init		CODE           	7B54	0000	101
		_I2C_Write     		CODE           	7092	0000	15
		_I2C_Stop      		CODE           	706C	0000	13
		_I2C_Wait      		CODE           	70F2	0000	27
		_I2C_Read      		CODE           	7476	0000	59
		_I2C_Start     		CODE           	7060	0000	13
		_I2C_Restart   		CODE           	7078	0000	13

I2C.c estimated size: 241

C:\Program Files (x86)\Microchip\xc8\v1.45\sources\common\isdigit.c
		_isdigit       		CODE           	71FC	0000	41

C:\Program Files (x86)\Microchip\xc8\v1.45\sources\common\isdigit.c estimated size: 41

C:\Program Files (x86)\Microchip\xc8\v1.45\sources\common\lwmod.c
		___lwmod       		CODE           	78D6	0000	83

C:\Program Files (x86)\Microchip\xc8\v1.45\sources\common\lwmod.c estimated size: 83

C:\Program Files (x86)\Microchip\xc8\v1.45\sources\common\ftmul.c
		___ftmul       		CODE           	301E	0000	249

C:\Program Files (x86)\Microchip\xc8\v1.45\sources\common\ftmul.c estimated size: 249

C:\Program Files (x86)\Microchip\xc8\v1.45\sources\common\awmod.c
		___awmod       		CODE           	3D94	0000	135

C:\Program Files (x86)\Microchip\xc8\v1.45\sources\common\awmod.c estimated size: 135

C:\Program Files (x86)\Microchip\xc8\v1.45\sources\common\strstr.c
		_strstr        		CODE           	3BE2	0000	153

C:\Program Files (x86)\Microchip\xc8\v1.45\sources\common\strstr.c estimated size: 153

tela_TELEFONES.h
		_configuraTelefones		CODE           	185E	0000	979

tela_TELEFONES.h estimated size: 979

registradores.h
		_configuraRegistradores		CODE           	797E	0000	87

registradores.h estimated size: 87

tela_DATALOGER.h
		_dataLoger     		CODE           	22D4	0000	529

tela_DATALOGER.h estimated size: 529

C:\Program Files (x86)\Microchip\xc8\v1.45\sources\common\ftdiv.c
		___ftdiv       		CODE           	33D6	0000	231

C:\Program Files (x86)\Microchip\xc8\v1.45\sources\common\ftdiv.c estimated size: 231

function.c
		_DECtoBCD      		CODE           	7696	0000	67
		_BCDtoDEC      		CODE           	710C	0000	27
		_delay         		CODE           	739A	0000	55
		_intToFloatStr 		CODE           	3E1A	0000	129

function.c estimated size: 278

ds1307.h
		_validaRTC     		CODE           	7838	0000	79
		_RTC_Init      		CODE           	7406	0000	57
		_getDS1307TimeDate		CODE           	296C	0000	309
		_setDS1307TimeDate		CODE           	2DFA	0000	275

ds1307.h estimated size: 720

logs.h
		_salvarLOG     		CODE           	2AA0	0000	291

logs.h estimated size: 291

eeprom.h
		_readEEPROM16_ext		CODE           	743E	0000	57
		_readEEPROM_ext		CODE           	7928	0000	87
		_writeEEPROM16_ext		CODE           	7142	0000	35
		_writeEEPROM_ext		CODE           	7762	0000	71

eeprom.h estimated size: 250

adc.h
		_readADC       		CODE           	71D4	0000	41

adc.h estimated size: 41

controle.h
		_partidaBombaEstacionaria		CODE           	3202	0000	237
		_acaoBombas    		CODE           	38B8	0000	183
		_acaoTesteBombas		CODE           	1486	0000	985
		_acaoTesteBomasProgramado		CODE           	7560	0000	61

controle.h estimated size: 1466

C:\Program Files (x86)\Microchip\xc8\v1.45\sources\common\sprintf.c
		_sprintf       		CODE           	77A8	0000	73

C:\Program Files (x86)\Microchip\xc8\v1.45\sources\common\sprintf.c estimated size: 73

C:\Program Files (x86)\Microchip\xc8\v1.45\sources\common\atoi.c
		_atoi          		CODE           	3116	0000	237

C:\Program Files (x86)\Microchip\xc8\v1.45\sources\common\atoi.c estimated size: 237

C:\Program Files (x86)\Microchip\xc8\v1.45\sources\common\printf.c
		_printf        		CODE           	75D8	0000	61

C:\Program Files (x86)\Microchip\xc8\v1.45\sources\common\printf.c estimated size: 61

Main.c
		_main          		CODE           	10AE	0000	985
		_TIMER0        		CODE           	0008	0000	229

Main.c estimated size: 1214

shared
		i2_getDS1307TimeDate		CODE           	2F0C	0000	275
		i2_putch       		CODE           	70A0	0000	19
		i2_I2C_Wait    		CODE           	70DA	0000	25
		i2_I2C_Write   		CODE           	7084	0000	15
		_dpowers       		MEDIUMCONST    	7BD9	0000	11
		i2___lwdiv     		CODE           	7A32	0000	97
		i2_BCDtoDEC    		CODE           	70C4	0000	23
		i2_isdigit     		CODE           	7164	0000	37
		i2___wmul      		CODE           	7224	0000	43
		i2__doprnt     		CODE           	08EE	0000	1985
		i2_I2C_Stop    		CODE           	7048	0000	13
		i2___lwmod     		CODE           	7886	0000	81
		i2_writeEEPROM_ext		CODE           	7524	0000	61
		i2_I2C_Start   		CODE           	703C	0000	13
		__initialization		CODE           	3F18	0000	103
		criarCaracteresCGRAM@F2839		MEDIUMCONST    	7BB9	0000	33
		i2_sprintf     		CODE           	771C	0000	71
		i2_I2C_Read    		CODE           	7364	0000	55
		i2_delay       		CODE           	7300	0000	51
		i2_RTC_Init    		CODE           	7332	0000	51
		i2_I2C_Restart 		CODE           	7054	0000	13

shared estimated size: 3075

temporizador.h
		_timer         		CODE           	34BC	0000	221

temporizador.h estimated size: 221

tela_INFORMACOES.h
		_informacoes   		CODE           	79D4	0000	95

tela_INFORMACOES.h estimated size: 95

C:\Program Files (x86)\Microchip\xc8\v1.45\sources\common\fttol.c
		___fttol       		CODE           	32EE	0000	233

C:\Program Files (x86)\Microchip\xc8\v1.45\sources\common\fttol.c estimated size: 233

C:\Program Files (x86)\Microchip\xc8\v1.45\sources\common\lwdiv.c
		___lwdiv       		CODE           	7AF2	0000	99

C:\Program Files (x86)\Microchip\xc8\v1.45\sources\common\lwdiv.c estimated size: 99

util.h
		_lerParametros 		CODE           	2CDE	0000	285

util.h estimated size: 285

C:\Program Files (x86)\Microchip\xc8\v1.45\sources\common\awdiv.c
		___awdiv       		CODE           	3B48	0000	155

C:\Program Files (x86)\Microchip\xc8\v1.45\sources\common\awdiv.c estimated size: 155

tela_CONFIG_PRESSAO.h
		_ajusteSP_Bombas		CODE           	1C30	0000	603

tela_CONFIG_PRESSAO.h estimated size: 603

transdutor.h
		_lerTransdutor 		CODE           	20BC	0000	537

transdutor.h estimated size: 537

C:\Program Files (x86)\Microchip\xc8\v1.45\sources\common\ftadd.c
		___ftadd       		CODE           	24E4	0000	465

C:\Program Files (x86)\Microchip\xc8\v1.45\sources\common\ftadd.c estimated size: 465

lcd.h
		_Lcd_Write_String		CODE           	74B0	0000	59
		_Lcd_Init      		CODE           	3D0C	0000	137
		_Lcd_Write_Char		CODE           	7654	0000	67
		_Lcd_Cmd       		CODE           	7278	0000	45
		_Lcd_Set_Cursor		CODE           	3730	0000	197
		_Lcd_Clear     		CODE           	70B2	0000	19
		_atualizarLCD  		CODE           	3598	0000	211
		_criarCaracteresCGRAM		CODE           	366A	0000	199
		_blink         		CODE           	759C	0000	61
		_Lcd_Port      		CODE           	76D8	0000	69

lcd.h estimated size: 1064

C:\Program Files (x86)\Microchip\xc8\v1.45\sources\common\lldiv.c
		___lldiv       		CODE           	3C7A	0000	147

C:\Program Files (x86)\Microchip\xc8\v1.45\sources\common\lldiv.c estimated size: 147

C:\Program Files (x86)\Microchip\xc8\v1.45\sources\common\strlen.c
		_strlen        		CODE           	7A92	0000	97

C:\Program Files (x86)\Microchip\xc8\v1.45\sources\common\strlen.c estimated size: 97

C:\Program Files (x86)\Microchip\xc8\v1.45\sources\common\lwtoft.c
		___lwtoft      		CODE           	71AC	0000	41

C:\Program Files (x86)\Microchip\xc8\v1.45\sources\common\lwtoft.c estimated size: 41

tela_RELOGIO.h
		_tela_ajusteRTC		CODE           	1E8A	0000	563

tela_RELOGIO.h estimated size: 563

C:\Program Files (x86)\Microchip\xc8\v1.45\sources\common\strchr.c
		_strchr        		CODE           	7614	0000	65

C:\Program Files (x86)\Microchip\xc8\v1.45\sources\common\strchr.c estimated size: 65

C:\Program Files (x86)\Microchip\xc8\v1.45\sources\common\strncmp.c
		_strncmp       		CODE           	3AAE	0000	155

C:\Program Files (x86)\Microchip\xc8\v1.45\sources\common\strncmp.c estimated size: 155

C:\Program Files (x86)\Microchip\xc8\v1.45\sources\common\memset.c
		_memset        		CODE           	74EA	0000	59

C:\Program Files (x86)\Microchip\xc8\v1.45\sources\common\memset.c estimated size: 59

