Microchip MPLAB XC8 Compiler V1.45 ()

Linker command line:

-W-3 --edf=C:\Program Files (x86)\Microchip\xc8\v1.45\dat\en_msgs.txt -cs \
  -h+dist/default/production\PROJECT.FIREALARM.X.production.sym \
  --cmf=dist/default/production\PROJECT.FIREALARM.X.production.cmf -z \
  -Q18F452 -oC:\Users\jonas\AppData\Local\Temp\s8qo.2 \
  -Mdist/default/production/PROJECT.FIREALARM.X.production.map -E1 -ver=XC8 \
  -ASTACK=01C0h-05ffh -pstack=STACK -ACODE=00h-03FFFhx2 -ACONST=00h-07FFFh \
  -ASMALLCONST=0600h-06FFhx122 -AMEDIUMCONST=0600h-07FFFh -ACOMRAM=01h-07Fh \
  -AABS1=00h-05FFh -ABIGRAM=01h-05FFh -ARAM=080h-0FFh,0100h-01FFhx5 \
  -ABANK0=080h-0FFh -ABANK1=0100h-01FFh -ABANK2=0200h-02FFh \
  -ABANK3=0300h-03FFh -ABANK4=0400h-04FFh -ABANK5=0500h-05FFh \
  -ASFR=0F80h-0FFFh -preset_vec=00h,intcode=08h,intcodelo,powerup,init \
  -pramtop=0600h -psmallconst=SMALLCONST -pmediumconst=MEDIUMCONST \
  -pconst=CONST -AFARRAM=00h-00h -ACONFIG=0300000h-030000Dh -pconfig=CONFIG \
  -AIDLOC=0200000h-0200007h -pidloc=IDLOC -AEEDATA=0F00000h-0F000FFh \
  -peeprom_data=EEDATA \
  -prdata=COMRAM,nvrram=COMRAM,nvbit=COMRAM,rbss=COMRAM,rbit=COMRAM \
  -pfarbss=FARRAM,fardata=FARRAM,nvFARRAM=FARRAM \
  -pintsave_regs=BIGRAM,bigbss=BIGRAM,bigdata=BIGRAM -pbss=RAM \
  -pidata=CODE,irdata=CODE,ibigdata=CODE,ifardata=CODE -prparam=COMRAM \
  C:\Users\jonas\AppData\Local\Temp\s8qo.obj \
  dist/default/production\PROJECT.FIREALARM.X.production.obj 

Object code version is 3.11

Machine type is 18F452

Call graph: (short form)




                Name                               Link     Load   Length Selector   Space Scale
C:\Users\jonas\AppData\Local\Temp\s8qo.obj
                text                                  6        6        2        0       0
                init                                118      118        4        4       0
                reset_vec                             0        0        6        0       0
                idloc                            200000   200000        8   200000       0
                config                           300000   300000        E   300000       0
dist/default/production\PROJECT.FIREALARM.X.production.obj
                intcode                               8        8      110        4       0
                temp                                 7D       7D        1        1       1
                mediumconst                        7A9C     7A9C      564     3D4E       0
                text96                             3C96     3C96       C4        4       0
                text95                             27C2     27C2      1D0        4       0
                text94                             37AC     37AC       E6        4       0
                text93                             3D5A     3D5A       9C        4       0
                text92                             34E0     34E0       F8        4       0
                text91                             36C4     36C4       E8        4       0
                text90                             6DC8     6DC8       28     36E4       0
                text89                             6DF0     6DF0       28     36F8       0
                text88                             1FCA     1FCA      234        4       0
                text87                             77EA     77EA       7E     3BF5       0
                text86                             6D5A     6D5A       18     36AD       0
                text85                             6CAC     6CAC        C     3656       0
                text84                             6CB8     6CB8        C     365C       0
                text83                             6CF4     6CF4        E     367A       0
                text82                             6EC0     6EC0       32     3760       0
                text81                             714E     714E       3C     38A7       0
                text80                             6DA6     6DA6       22     36D3       0
                text79                             6EF2     6EF2       32     3779       0
                text78                             6D44     6D44       16     36A2       0
                text77                             6F58     6F58       36     37AC       0
                text76                             6CC4     6CC4        C     3662       0
                text75                             33CE     33CE      112        4       0
                text74                             2B38     2B38      17E        4       0
                text72                             7976     7976       92     3CBB       0
                text71                             7630     7630       64     3B18       0
                text70                             7308     7308       44     3984       0
                text69                             6E68     6E68       2C     3734       0
                text68                             6D1E     6D1E       12     368F       0
                text67                             78EE     78EE       88     3C77       0
                text66                             6D72     6D72       1A     36B9       0
                text65                             6CD0     6CD0        C     3668       0
                text64                             6CDC     6CDC        C     366E       0
                text63                             6D02     6D02        E     3681       0
                text62                             7030     7030       38     3818       0
                text61                             6F8E     6F8E       36     37C7       0
                text60                             7202     7202       40     3901       0
                text59                             756E     756E       60     3AB7       0
                text58                             3E90     3E90       9A        4       0
                text57                             3F2A     3F2A       98        4       0
                text56                             718A     718A       3C     38C5       0
                text55                             70A0     70A0       3A     3850       0
                text54                             6FC4     6FC4       36     37E2       0
                text53                             75CE     75CE       62     3AE7       0
                text52                             7470     7470       52     3A38       0
                text51                             6E94     6E94       2C     374A       0
                text50                             6E18     6E18       28     370C       0
                text49                             6D30     6D30       14     3698       0
                text48                              11C      11C      7FE        4       0
                text47                             71C6     71C6       3C     38E3       0
                text46                             6D10     6D10        E     3688       0
                text45                             15B6     15B6      34C        4       0
                text44                             3892     3892       E4        4       0
                text43                             307E     307E      122        4       0
                text42                             7694     7694       70     3B4A       0
                text41                             6FFA     6FFA       36     37FD       0
                text40                             7392     7392       48     39C9       0
                text39                             6F24     6F24       34     3792       0
                text38                             3DF6     3DF6       9A        4       0
                text37                             7868     7868       86     3C34       0
                text36                             7A08     7A08       94     3D04       0
                text35                             70DA     70DA       3A     386D       0
                text34                             6CE8     6CE8        C     3674       0
                text33                             74C2     74C2       56     3A61       0
                text32                             734C     734C       46     39A6       0
                text31                             3BD2     3BD2       C4        4       0
                text30                              91A      91A      4AE        4       0
                text29                             3FC2     3FC2       3E        4       0
                text28                             1902     1902      25A        4       0
                text27                             3B0E     3B0E       C4        4       0
                text26                             7242     7242       42     3921       0
                text25                             7114     7114       3A     388A       0
                text24                             3976     3976       D2        4       0
                text23                             7518     7518       56     3A8C       0
                text22                             2410     2410      1E2        4       0
                text21                             1230     1230      386        4       0
                text20                             2CB6     2CB6      16E        4       0
                text19                             3A48     3A48       C6        4       0
                text18                             1B5C     1B5C      238        4       0
                text17                             6D8C     6D8C       1A     36C6       0
                text16                             2E24     2E24      134        4       0
                text15                             35D8     35D8       EC        4       0
                text14                             31A0     31A0      11C        4       0
                text13                             2992     2992      1A6        4       0
                text12                             7776     7776       74     3BBB       0
                text11                             7068     7068       38     3834       0
                text10                             2F58     2F58      126        4       0
                text9                              73DA     73DA       48     39ED       0
                text8                              6E40     6E40       28     3720       0
                text7                              21FE     21FE      212        4       0
                text6                              7284     7284       42     3942       0
                text5                              32BC     32BC      112        4       0
                text4                              7422     7422       4E     3A11       0
                text3                              1D94     1D94      236        4       0
                text2                              25F2     25F2      1D0        4       0
                text1                              72C6     72C6       42     3963       0
                text0                               DC8      DC8      468        4       0
                cstackCOMRAM                          1        1       43        1       1
                cstackBANK0                          80       80       59       80       1
                dataBANK1                           1BC      1BC        4      100       1
                bssBANK1                            100      100       BC      100       1
                dataBANK0                            F8       F8        8       80       1
                bssBANK0                             D9       D9       1F       80       1
                bssCOMRAM                            44       44       39        1       1
                cinit                              7704     7704       72     3B82       0
                idataBANK1                         6CA0     6CA0        4     6CA0       0
                idataBANK0                         6CA4     6CA4        8     6CA4       0

TOTAL           Name                               Link     Load   Length     Space
        CLASS   STACK          

        CLASS   CODE           
                intcode                               8        8      110         0
                text                                  6        6        2         0
                init                                118      118        4         0
                reset_vec                             0        0        6         0
                text96                             3C96     3C96       C4         0
                text95                             27C2     27C2      1D0         0
                text94                             37AC     37AC       E6         0
                text93                             3D5A     3D5A       9C         0
                text92                             34E0     34E0       F8         0
                text91                             36C4     36C4       E8         0
                text90                             6DC8     6DC8       28         0
                text89                             6DF0     6DF0       28         0
                text88                             1FCA     1FCA      234         0
                text87                             77EA     77EA       7E         0
                text86                             6D5A     6D5A       18         0
                text85                             6CAC     6CAC        C         0
                text84                             6CB8     6CB8        C         0
                text83                             6CF4     6CF4        E         0
                text82                             6EC0     6EC0       32         0
                text81                             714E     714E       3C         0
                text80                             6DA6     6DA6       22         0
                text79                             6EF2     6EF2       32         0
                text78                             6D44     6D44       16         0
                text77                             6F58     6F58       36         0
                text76                             6CC4     6CC4        C         0
                text75                             33CE     33CE      112         0
                text74                             2B38     2B38      17E         0
                text72                             7976     7976       92         0
                text71                             7630     7630       64         0
                text70                             7308     7308       44         0
                text69                             6E68     6E68       2C         0
                text68                             6D1E     6D1E       12         0
                text67                             78EE     78EE       88         0
                text66                             6D72     6D72       1A         0
                text65                             6CD0     6CD0        C         0
                text64                             6CDC     6CDC        C         0
                text63                             6D02     6D02        E         0
                text62                             7030     7030       38         0
                text61                             6F8E     6F8E       36         0
                text60                             7202     7202       40         0
                text59                             756E     756E       60         0
                text58                             3E90     3E90       9A         0
                text57                             3F2A     3F2A       98         0
                text56                             718A     718A       3C         0
                text55                             70A0     70A0       3A         0
                text54                             6FC4     6FC4       36         0
                text53                             75CE     75CE       62         0
                text52                             7470     7470       52         0
                text51                             6E94     6E94       2C         0
                text50                             6E18     6E18       28         0
                text49                             6D30     6D30       14         0
                text48                              11C      11C      7FE         0
                text47                             71C6     71C6       3C         0
                text46                             6D10     6D10        E         0
                text45                             15B6     15B6      34C         0
                text44                             3892     3892       E4         0
                text43                             307E     307E      122         0
                text42                             7694     7694       70         0
                text41                             6FFA     6FFA       36         0
                text40                             7392     7392       48         0
                text39                             6F24     6F24       34         0
                text38                             3DF6     3DF6       9A         0
                text37                             7868     7868       86         0
                text36                             7A08     7A08       94         0
                text35                             70DA     70DA       3A         0
                text34                             6CE8     6CE8        C         0
                text33                             74C2     74C2       56         0
                text32                             734C     734C       46         0
                text31                             3BD2     3BD2       C4         0
                text30                              91A      91A      4AE         0
                text29                             3FC2     3FC2       3E         0
                text28                             1902     1902      25A         0
                text27                             3B0E     3B0E       C4         0
                text26                             7242     7242       42         0
                text25                             7114     7114       3A         0
                text24                             3976     3976       D2         0
                text23                             7518     7518       56         0
                text22                             2410     2410      1E2         0
                text21                             1230     1230      386         0
                text20                             2CB6     2CB6      16E         0
                text19                             3A48     3A48       C6         0
                text18                             1B5C     1B5C      238         0
                text17                             6D8C     6D8C       1A         0
                text16                             2E24     2E24      134         0
                text15                             35D8     35D8       EC         0
                text14                             31A0     31A0      11C         0
                text13                             2992     2992      1A6         0
                text12                             7776     7776       74         0
                text11                             7068     7068       38         0
                text10                             2F58     2F58      126         0
                text9                              73DA     73DA       48         0
                text8                              6E40     6E40       28         0
                text7                              21FE     21FE      212         0
                text6                              7284     7284       42         0
                text5                              32BC     32BC      112         0
                text4                              7422     7422       4E         0
                text3                              1D94     1D94      236         0
                text2                              25F2     25F2      1D0         0
                text1                              72C6     72C6       42         0
                text0                               DC8      DC8      468         0
                cinit                              7704     7704       72         0
                idataBANK1                         6CA0     6CA0        4         0
                idataBANK0                         6CA4     6CA4        8         0

        CLASS   CONST          

        CLASS   SMALLCONST     

        CLASS   MEDIUMCONST    
                mediumconst                        7A9C     7A9C      564         0

        CLASS   COMRAM         
                temp                                 7D       7D        1         1
                cstackCOMRAM                          1        1       43         1
                bssCOMRAM                            44       44       39         1

        CLASS   ABS1           

        CLASS   BIGRAM         

        CLASS   RAM            

        CLASS   BANK0          
                cstackBANK0                          80       80       59         1
                dataBANK0                            F8       F8        8         1
                bssBANK0                             D9       D9       1F         1

        CLASS   BANK1          
                dataBANK1                           1BC      1BC        4         1
                bssBANK1                            100      100       BC         1

        CLASS   BANK2          

        CLASS   BANK3          

        CLASS   BANK4          

        CLASS   BANK5          

        CLASS   SFR            

        CLASS   FARRAM         

        CLASS   CONFIG         
                config                           300000   300000        E         0

        CLASS   IDLOC          
                idloc                            200000   200000        8         0

        CLASS   EEDATA         



SEGMENTS        Name                           Load    Length   Top    Selector   Space  Class

                reset_vec                      000000  000008  000008         0       0  CODE    
                cstackCOMRAM                   000001  00007D  00007E         1       1  COMRAM  
                intcode                        000008  003FF8  004000         4       0  CODE    
                cstackBANK0                    000080  000080  000100        80       1  BANK0   
                bssBANK1                       000100  0000C0  0001C0       100       1  BANK1   
                idataBANK1                     006CA0  000004  006CA4      6CA0       0  CODE    
                idataBANK0                     006CA4  000008  006CAC      6CA4       0  CODE    
                text85                         006CAC  00000C  006CB8      3656       0  CODE    
                text84                         006CB8  00000C  006CC4      365C       0  CODE    
                text76                         006CC4  00000C  006CD0      3662       0  CODE    
                text65                         006CD0  00000C  006CDC      3668       0  CODE    
                text64                         006CDC  00000C  006CE8      366E       0  CODE    
                text34                         006CE8  00000C  006CF4      3674       0  CODE    
                text83                         006CF4  00000E  006D02      367A       0  CODE    
                text63                         006D02  00000E  006D10      3681       0  CODE    
                text46                         006D10  00000E  006D1E      3688       0  CODE    
                text68                         006D1E  000012  006D30      368F       0  CODE    
                text49                         006D30  000014  006D44      3698       0  CODE    
                text78                         006D44  000016  006D5A      36A2       0  CODE    
                text86                         006D5A  000018  006D72      36AD       0  CODE    
                text66                         006D72  00001A  006D8C      36B9       0  CODE    
                text17                         006D8C  00001A  006DA6      36C6       0  CODE    
                text80                         006DA6  000022  006DC8      36D3       0  CODE    
                text90                         006DC8  000028  006DF0      36E4       0  CODE    
                text89                         006DF0  000028  006E18      36F8       0  CODE    
                text50                         006E18  000028  006E40      370C       0  CODE    
                text8                          006E40  000028  006E68      3720       0  CODE    
                text69                         006E68  00002C  006E94      3734       0  CODE    
                text51                         006E94  00002C  006EC0      374A       0  CODE    
                text82                         006EC0  000032  006EF2      3760       0  CODE    
                text79                         006EF2  000032  006F24      3779       0  CODE    
                text39                         006F24  000034  006F58      3792       0  CODE    
                text77                         006F58  000036  006F8E      37AC       0  CODE    
                text61                         006F8E  000036  006FC4      37C7       0  CODE    
                text54                         006FC4  000036  006FFA      37E2       0  CODE    
                text41                         006FFA  000036  007030      37FD       0  CODE    
                text62                         007030  000038  007068      3818       0  CODE    
                text11                         007068  000038  0070A0      3834       0  CODE    
                text55                         0070A0  00003A  0070DA      3850       0  CODE    
                text35                         0070DA  00003A  007114      386D       0  CODE    
                text25                         007114  00003A  00714E      388A       0  CODE    
                text81                         00714E  00003C  00718A      38A7       0  CODE    
                text56                         00718A  00003C  0071C6      38C5       0  CODE    
                text47                         0071C6  00003C  007202      38E3       0  CODE    
                text60                         007202  000040  007242      3901       0  CODE    
                text26                         007242  000042  007284      3921       0  CODE    
                text6                          007284  000042  0072C6      3942       0  CODE    
                text1                          0072C6  000042  007308      3963       0  CODE    
                text70                         007308  000044  00734C      3984       0  CODE    
                text32                         00734C  000046  007392      39A6       0  CODE    
                text40                         007392  000048  0073DA      39C9       0  CODE    
                text9                          0073DA  000048  007422      39ED       0  CODE    
                text4                          007422  00004E  007470      3A11       0  CODE    
                text52                         007470  000052  0074C2      3A38       0  CODE    
                text33                         0074C2  000056  007518      3A61       0  CODE    
                text23                         007518  000056  00756E      3A8C       0  CODE    
                text59                         00756E  000060  0075CE      3AB7       0  CODE    
                text53                         0075CE  000062  007630      3AE7       0  CODE    
                text71                         007630  000064  007694      3B18       0  CODE    
                text42                         007694  000070  007704      3B4A       0  CODE    
                cinit                          007704  000072  007776      3B82       0  CODE    
                text12                         007776  000074  0077EA      3BBB       0  CODE    
                text87                         0077EA  00007E  007868      3BF5       0  CODE    
                text37                         007868  000086  0078EE      3C34       0  CODE    
                text67                         0078EE  000088  007976      3C77       0  CODE    
                text72                         007976  000092  007A08      3CBB       0  CODE    
                text36                         007A08  000094  007A9C      3D04       0  CODE    
                mediumconst                    007A9C  000564  008000      3D4E       0  MEDIUMCO
                idloc                          200000  000008  200008    200000       0  IDLOC   
                config                         300000  00000E  30000E    300000       0  CONFIG  


UNUSED ADDRESS RANGES

        Name                Unused          Largest block    Delta
        BANK1            0001C0-0001FF               40
        BANK2            000200-0002FF              100
        BANK3            000300-0003FF              100
        BANK4            000400-0004FF              100
        BANK5            000500-0005FF              100
        BIGRAM           00007E-00007F                2
                         0001C0-0005FF              440
        CODE             004000-006C9F             2CA0
        COMRAM           00007E-00007F                2
        CONST            004000-006C9F             2CA0
        EEDATA           F00000-F000FF              100
        MEDIUMCONST      004000-006C9F             2CA0
        RAM              0001C0-0005FF              100
        SFR              000F80-000FFF               80
        SMALLCONST       004000-006C9F              100
        STACK            0001C0-0005FF              440

                                  Symbol Table

?_I2C_Read                                                                cstackBANK0  000081
?___awdiv                                                                 cstackBANK0  000080
?___awmod                                                                 cstackBANK0  000080
?___ftadd                                                                 cstackCOMRAM 00001B
?___ftdiv                                                                 cstackCOMRAM 00001B
?___ftmul                                                                 cstackCOMRAM 00000C
?___ftpack                                                                cstackCOMRAM 000001
?___fttol                                                                 cstackCOMRAM 00001B
?___lldiv                                                                 cstackBANK0  000080
?___lwdiv                                                                 cstackBANK0  000080
?___lwmod                                                                 cstackBANK0  000087
?___lwtoft                                                                cstackCOMRAM 000009
?___wmul                                                                  cstackBANK0  000080
?__doprnt                                                                 cstackBANK0  00008C
?_atoi                                                                    cstackBANK0  0000BF
?_getSerial                                                               cstackBANK0  0000B5
?_intToFloatStr                                                           cstackBANK0  0000B5
?_printf                                                                  cstackBANK0  0000A1
?_readADC                                                                 cstackCOMRAM 000001
?_readEEPROM16_ext                                                        cstackBANK0  00008E
?_sprintf                                                                 cstackBANK0  0000A1
?_strchr                                                                  cstackBANK0  000080
?_strlen                                                                  cstackBANK0  000080
?_strncmp                                                                 cstackBANK0  000086
?_strstr                                                                  cstackBANK0  00008F
?i2_I2C_Read                                                              cstackCOMRAM 000002
BCDtoDEC@val                                                              cstackBANK0  000080
DECtoBCD@res                                                              cstackBANK0  000089
DECtoBCD@val                                                              cstackBANK0  000088
I2C_Master_Init@c                                                         cstackBANK0  00008D
I2C_Read@a                                                                cstackBANK0  000081
I2C_Read@temp                                                             cstackBANK0  000083
I2C_Write@d                                                               cstackBANK0  00008A
Lcd_Cmd@a                                                                 cstackBANK0  000082
Lcd_Port@a                                                                cstackBANK0  000080
Lcd_Set_Cursor@a                                                          cstackBANK0  000084
Lcd_Set_Cursor@b                                                          cstackBANK0  000083
Lcd_Set_Cursor@temp                                                       cstackBANK0  000087
Lcd_Set_Cursor@y                                                          cstackBANK0  000086
Lcd_Set_Cursor@z                                                          cstackBANK0  000085
Lcd_Write_Char@a                                                          cstackBANK0  000083
Lcd_Write_Char@tempp                                                      cstackBANK0  000081
Lcd_Write_Char@y                                                          cstackBANK0  000082
Lcd_Write_String@a                                                        cstackBANK0  000084
Lcd_Write_String@i                                                        cstackBANK0  000086
TIMER@c                                                                   cstackCOMRAM 000043
_ACKDT                                                                    (abs)        007E2D
_ACKEN                                                                    (abs)        007E2C
_ADCON0                                                                   (abs)        000FC2
_ADCON0bits                                                               (abs)        000FC2
_ADCON1                                                                   (abs)        000FC1
_ADRESH                                                                   (abs)        000FC4
_ADRESL                                                                   (abs)        000FC3
_BCDtoDEC                                                                 text17       006D8C
_DECtoBCD                                                                 text6        007284
_I2C_Master_Init                                                          text71       007630
_I2C_Read                                                                 text35       0070DA
_I2C_Restart                                                              text34       006CE8
_I2C_Start                                                                text65       006CD0
_I2C_Stop                                                                 text64       006CDC
_I2C_Wait                                                                 text66       006D72
_I2C_Write                                                                text63       006D02
_INTCON                                                                   (abs)        000FF2
_INTCONbits                                                               (abs)        000FF2
_Lcd_Clear                                                                text68       006D1E
_Lcd_Cmd                                                                  text69       006E68
_Lcd_Init                                                                 text67       0078EE
_Lcd_Port                                                                 text70       007308
_Lcd_Set_Cursor                                                           text27       003B0E
_Lcd_Write_Char                                                           text26       007242
_Lcd_Write_String                                                         text25       007114
_PEN                                                                      (abs)        007E2A
_PIE1bits                                                                 (abs)        000F9D
_PIR1bits                                                                 (abs)        000F9E
_PORTAbits                                                                (abs)        000F80
_PORTBbits                                                                (abs)        000F81
_PORTCbits                                                                (abs)        000F82
_PORTDbits                                                                (abs)        000F83
_PORTEbits                                                                (abs)        000F84
_RCEN                                                                     (abs)        007E2B
_RCIF                                                                     (abs)        007CF5
_RCREG                                                                    (abs)        000FAE
_RCSTAbits                                                                (abs)        000FAB
_RSEN                                                                     (abs)        007E29
_RTC_Init                                                                 text62       007030
_SEN                                                                      (abs)        007E28
_SPBRG                                                                    (abs)        000FAF
_SSPADD                                                                   (abs)        000FC8
_SSPBUF                                                                   (abs)        000FC9
_SSPCON1                                                                  (abs)        000FC6
_SSPCON2                                                                  (abs)        000FC5
_SSPSTAT                                                                  (abs)        000FC7
_T0CON                                                                    (abs)        000FD5
_TIMER                                                                    intcode      000008
_TMR0H                                                                    (abs)        000FD7
_TMR0IF                                                                   (abs)        007F92
_TMR0L                                                                    (abs)        000FD6
_TRISAbits                                                                (abs)        000F92
_TRISBbits                                                                (abs)        000F93
_TRISCbits                                                                (abs)        000F94
_TRISDbits                                                                (abs)        000F95
_TRISEbits                                                                (abs)        000F96
_TXREG                                                                    (abs)        000FAD
_TXSTAbits                                                                (abs)        000FAC
__CFG_BOR$ON                                                              (abs)        000000
__CFG_BORV$20                                                             (abs)        000000
__CFG_CCP2MUX$ON                                                          (abs)        000000
__CFG_CP0$ON                                                              (abs)        000000
__CFG_CP1$ON                                                              (abs)        000000
__CFG_CP2$ON                                                              (abs)        000000
__CFG_CP3$ON                                                              (abs)        000000
__CFG_CPB$OFF                                                             (abs)        000000
__CFG_CPD$ON                                                              (abs)        000000
__CFG_EBTR0$OFF                                                           (abs)        000000
__CFG_EBTR1$OFF                                                           (abs)        000000
__CFG_EBTR2$OFF                                                           (abs)        000000
__CFG_EBTR3$OFF                                                           (abs)        000000
__CFG_EBTRB$ON                                                            (abs)        000000
__CFG_LVP$OFF                                                             (abs)        000000
__CFG_OSC$HS                                                              (abs)        000000
__CFG_OSCS$OFF                                                            (abs)        000000
__CFG_PWRT$OFF                                                            (abs)        000000
__CFG_STVR$ON                                                             (abs)        000000
__CFG_WDT$ON                                                              (abs)        000000
__CFG_WDTPS$128                                                           (abs)        000000
__CFG_WRT0$ON                                                             (abs)        000000
__CFG_WRT1$ON                                                             (abs)        000000
__CFG_WRT2$ON                                                             (abs)        000000
__CFG_WRT3$ON                                                             (abs)        000000
__CFG_WRTB$OFF                                                            (abs)        000000
__CFG_WRTC$OFF                                                            (abs)        000000
__CFG_WRTD$OFF                                                            (abs)        000000
__HRAM                                                                    (abs)        000000
__Habs1                                                                   abs1         000000
__Hbank0                                                                  bank0        000000
__Hbank1                                                                  bank1        000000
__Hbank2                                                                  bank2        000000
__Hbank3                                                                  bank3        000000
__Hbank4                                                                  bank4        000000
__Hbank5                                                                  bank5        000000
__Hbigbss                                                                 bigbss       000000
__Hbigdata                                                                bigdata      000000
__Hbigram                                                                 bigram       000000
__Hbss                                                                    bss          000000
__HbssBANK0                                                               bssBANK0     000000
__HbssBANK1                                                               bssBANK1     000000
__HbssCOMRAM                                                              bssCOMRAM    000000
__Hcinit                                                                  cinit        000000
__Hclrtext                                                                clrtext      000000
__Hcomram                                                                 comram       000000
__Hconfig                                                                 config       30000E
__Hconst                                                                  const        000000
__HcstackBANK0                                                            cstackBANK0  000000
__HcstackCOMRAM                                                           cstackCOMRAM 000000
__Hdata                                                                   data         000000
__HdataBANK0                                                              dataBANK0    000000
__HdataBANK1                                                              dataBANK1    000000
__Heeprom_data                                                            eeprom_data  000000
__Hfarbss                                                                 farbss       000000
__Hfardata                                                                fardata      000000
__Hibigdata                                                               ibigdata     000000
__Hidata                                                                  idata        000000
__HidataBANK0                                                             idataBANK0   000000
__HidataBANK1                                                             idataBANK1   000000
__Hidloc                                                                  idloc        200008
__Hifardata                                                               ifardata     000000
__Hinit                                                                   init         00011C
__Hintcode                                                                intcode      000118
__Hintcode_body                                                           intcode_body 000000
__Hintcodelo                                                              intcodelo    000118
__Hintentry                                                               intentry     000000
__Hintret                                                                 intret       000000
__Hintsave_regs                                                           intsave_regs 000000
__Hirdata                                                                 irdata       000000
__Hmediumconst                                                            mediumconst  008000
__HnvFARRAM                                                               nvFARRAM     000000
__Hnvbit                                                                  nvbit        000000
__Hnvrram                                                                 nvrram       000000
__Hparam                                                                  rparam       000000
__Hpowerup                                                                powerup      000118
__Hram                                                                    ram          000000
__Hramtop                                                                 ramtop       000600
__Hrbit                                                                   rbit         000000
__Hrbss                                                                   rbss         000000
__Hrdata                                                                  rdata        000000
__Hreset_vec                                                              reset_vec    000006
__Hrparam                                                                 rparam       000000
__Hsfr                                                                    sfr          000000
__Hsmallconst                                                             smallconst   000000
__Hspace_0                                                                (abs)        30000E
__Hspace_1                                                                (abs)        0001C0
__Hspace_2                                                                (abs)        000000
__Hstack                                                                  stack        000000
__Hstruct                                                                 struct       000000
__Htemp                                                                   temp         00007E
__Htext                                                                   text         000000
__Htext0                                                                  text0        000000
__Htext1                                                                  text1        000000
__Htext10                                                                 text10       000000
__Htext11                                                                 text11       000000
__Htext12                                                                 text12       000000
__Htext13                                                                 text13       000000
__Htext14                                                                 text14       000000
__Htext15                                                                 text15       000000
__Htext16                                                                 text16       000000
__Htext17                                                                 text17       000000
__Htext18                                                                 text18       000000
__Htext19                                                                 text19       000000
__Htext2                                                                  text2        000000
__Htext20                                                                 text20       000000
__Htext21                                                                 text21       000000
__Htext22                                                                 text22       000000
__Htext23                                                                 text23       000000
__Htext24                                                                 text24       000000
__Htext25                                                                 text25       000000
__Htext26                                                                 text26       000000
__Htext27                                                                 text27       000000
__Htext28                                                                 text28       000000
__Htext29                                                                 text29       000000
__Htext3                                                                  text3        000000
__Htext30                                                                 text30       000000
__Htext31                                                                 text31       000000
__Htext32                                                                 text32       000000
__Htext33                                                                 text33       000000
__Htext34                                                                 text34       000000
__Htext35                                                                 text35       000000
__Htext36                                                                 text36       000000
__Htext37                                                                 text37       000000
__Htext38                                                                 text38       000000
__Htext39                                                                 text39       000000
__Htext4                                                                  text4        000000
__Htext40                                                                 text40       000000
__Htext41                                                                 text41       000000
__Htext42                                                                 text42       000000
__Htext43                                                                 text43       000000
__Htext44                                                                 text44       000000
__Htext45                                                                 text45       000000
__Htext46                                                                 text46       000000
__Htext47                                                                 text47       000000
__Htext48                                                                 text48       000000
__Htext49                                                                 text49       000000
__Htext5                                                                  text5        000000
__Htext50                                                                 text50       000000
__Htext51                                                                 text51       000000
__Htext52                                                                 text52       000000
__Htext53                                                                 text53       000000
__Htext54                                                                 text54       000000
__Htext55                                                                 text55       000000
__Htext56                                                                 text56       000000
__Htext57                                                                 text57       000000
__Htext58                                                                 text58       000000
__Htext59                                                                 text59       000000
__Htext6                                                                  text6        000000
__Htext60                                                                 text60       000000
__Htext61                                                                 text61       000000
__Htext62                                                                 text62       000000
__Htext63                                                                 text63       000000
__Htext64                                                                 text64       000000
__Htext65                                                                 text65       000000
__Htext66                                                                 text66       000000
__Htext67                                                                 text67       000000
__Htext68                                                                 text68       000000
__Htext69                                                                 text69       000000
__Htext7                                                                  text7        000000
__Htext70                                                                 text70       000000
__Htext71                                                                 text71       000000
__Htext72                                                                 text72       000000
__Htext74                                                                 text74       000000
__Htext75                                                                 text75       000000
__Htext76                                                                 text76       000000
__Htext77                                                                 text77       000000
__Htext78                                                                 text78       000000
__Htext79                                                                 text79       000000
__Htext8                                                                  text8        000000
__Htext80                                                                 text80       000000
__Htext81                                                                 text81       000000
__Htext82                                                                 text82       000000
__Htext83                                                                 text83       000000
__Htext84                                                                 text84       000000
__Htext85                                                                 text85       000000
__Htext86                                                                 text86       000000
__Htext87                                                                 text87       000000
__Htext88                                                                 text88       000000
__Htext89                                                                 text89       000000
__Htext9                                                                  text9        000000
__Htext90                                                                 text90       000000
__Htext91                                                                 text91       000000
__Htext92                                                                 text92       000000
__Htext93                                                                 text93       000000
__Htext94                                                                 text94       000000
__Htext95                                                                 text95       000000
__Htext96                                                                 text96       000000
__Htext97                                                                 text97       000000
__LRAM                                                                    (abs)        000001
__Labs1                                                                   abs1         000000
__Lbank0                                                                  bank0        000000
__Lbank1                                                                  bank1        000000
__Lbank2                                                                  bank2        000000
__Lbank3                                                                  bank3        000000
__Lbank4                                                                  bank4        000000
__Lbank5                                                                  bank5        000000
__Lbigbss                                                                 bigbss       000000
__Lbigdata                                                                bigdata      000000
__Lbigram                                                                 bigram       000000
__Lbss                                                                    bss          000000
__LbssBANK0                                                               bssBANK0     000000
__LbssBANK1                                                               bssBANK1     000000
__LbssCOMRAM                                                              bssCOMRAM    000000
__Lcinit                                                                  cinit        000000
__Lclrtext                                                                clrtext      000000
__Lcomram                                                                 comram       000000
__Lconfig                                                                 config       300000
__Lconst                                                                  const        000000
__LcstackBANK0                                                            cstackBANK0  000000
__LcstackCOMRAM                                                           cstackCOMRAM 000000
__Ldata                                                                   data         000000
__LdataBANK0                                                              dataBANK0    000000
__LdataBANK1                                                              dataBANK1    000000
__Leeprom_data                                                            eeprom_data  000000
__Lfarbss                                                                 farbss       000000
__Lfardata                                                                fardata      000000
__Libigdata                                                               ibigdata     000000
__Lidata                                                                  idata        000000
__LidataBANK0                                                             idataBANK0   000000
__LidataBANK1                                                             idataBANK1   000000
__Lidloc                                                                  idloc        200000
__Lifardata                                                               ifardata     000000
__Linit                                                                   init         000118
__Lintcode                                                                intcode      000008
__Lintcode_body                                                           intcode_body 000000
__Lintcodelo                                                              intcodelo    000118
__Lintentry                                                               intentry     000000
__Lintret                                                                 intret       000000
__Lintsave_regs                                                           intsave_regs 000000
__Lirdata                                                                 irdata       000000
__Lmediumconst                                                            mediumconst  007A9C
__LnvFARRAM                                                               nvFARRAM     000000
__Lnvbit                                                                  nvbit        000000
__Lnvrram                                                                 nvrram       000000
__Lparam                                                                  rparam       000000
__Lpowerup                                                                powerup      000118
__Lram                                                                    ram          000000
__Lramtop                                                                 ramtop       000600
__Lrbit                                                                   rbit         000000
__Lrbss                                                                   rbss         000000
__Lrdata                                                                  rdata        000000
__Lreset_vec                                                              reset_vec    000000
__Lrparam                                                                 rparam       000000
__Lsfr                                                                    sfr          000000
__Lsmallconst                                                             smallconst   000000
__Lspace_0                                                                (abs)        000000
__Lspace_1                                                                (abs)        000000
__Lspace_2                                                                (abs)        000000
__Lstack                                                                  stack        000000
__Lstruct                                                                 struct       000000
__Ltemp                                                                   temp         00007D
__Ltext                                                                   text         000000
__Ltext0                                                                  text0        000000
__Ltext1                                                                  text1        000000
__Ltext10                                                                 text10       000000
__Ltext11                                                                 text11       000000
__Ltext12                                                                 text12       000000
__Ltext13                                                                 text13       000000
__Ltext14                                                                 text14       000000
__Ltext15                                                                 text15       000000
__Ltext16                                                                 text16       000000
__Ltext17                                                                 text17       000000
__Ltext18                                                                 text18       000000
__Ltext19                                                                 text19       000000
__Ltext2                                                                  text2        000000
__Ltext20                                                                 text20       000000
__Ltext21                                                                 text21       000000
__Ltext22                                                                 text22       000000
__Ltext23                                                                 text23       000000
__Ltext24                                                                 text24       000000
__Ltext25                                                                 text25       000000
__Ltext26                                                                 text26       000000
__Ltext27                                                                 text27       000000
__Ltext28                                                                 text28       000000
__Ltext29                                                                 text29       000000
__Ltext3                                                                  text3        000000
__Ltext30                                                                 text30       000000
__Ltext31                                                                 text31       000000
__Ltext32                                                                 text32       000000
__Ltext33                                                                 text33       000000
__Ltext34                                                                 text34       000000
__Ltext35                                                                 text35       000000
__Ltext36                                                                 text36       000000
__Ltext37                                                                 text37       000000
__Ltext38                                                                 text38       000000
__Ltext39                                                                 text39       000000
__Ltext4                                                                  text4        000000
__Ltext40                                                                 text40       000000
__Ltext41                                                                 text41       000000
__Ltext42                                                                 text42       000000
__Ltext43                                                                 text43       000000
__Ltext44                                                                 text44       000000
__Ltext45                                                                 text45       000000
__Ltext46                                                                 text46       000000
__Ltext47                                                                 text47       000000
__Ltext48                                                                 text48       000000
__Ltext49                                                                 text49       000000
__Ltext5                                                                  text5        000000
__Ltext50                                                                 text50       000000
__Ltext51                                                                 text51       000000
__Ltext52                                                                 text52       000000
__Ltext53                                                                 text53       000000
__Ltext54                                                                 text54       000000
__Ltext55                                                                 text55       000000
__Ltext56                                                                 text56       000000
__Ltext57                                                                 text57       000000
__Ltext58                                                                 text58       000000
__Ltext59                                                                 text59       000000
__Ltext6                                                                  text6        000000
__Ltext60                                                                 text60       000000
__Ltext61                                                                 text61       000000
__Ltext62                                                                 text62       000000
__Ltext63                                                                 text63       000000
__Ltext64                                                                 text64       000000
__Ltext65                                                                 text65       000000
__Ltext66                                                                 text66       000000
__Ltext67                                                                 text67       000000
__Ltext68                                                                 text68       000000
__Ltext69                                                                 text69       000000
__Ltext7                                                                  text7        000000
__Ltext70                                                                 text70       000000
__Ltext71                                                                 text71       000000
__Ltext72                                                                 text72       000000
__Ltext74                                                                 text74       000000
__Ltext75                                                                 text75       000000
__Ltext76                                                                 text76       000000
__Ltext77                                                                 text77       000000
__Ltext78                                                                 text78       000000
__Ltext79                                                                 text79       000000
__Ltext8                                                                  text8        000000
__Ltext80                                                                 text80       000000
__Ltext81                                                                 text81       000000
__Ltext82                                                                 text82       000000
__Ltext83                                                                 text83       000000
__Ltext84                                                                 text84       000000
__Ltext85                                                                 text85       000000
__Ltext86                                                                 text86       000000
__Ltext87                                                                 text87       000000
__Ltext88                                                                 text88       000000
__Ltext89                                                                 text89       000000
__Ltext9                                                                  text9        000000
__Ltext90                                                                 text90       000000
__Ltext91                                                                 text91       000000
__Ltext92                                                                 text92       000000
__Ltext93                                                                 text93       000000
__Ltext94                                                                 text94       000000
__Ltext95                                                                 text95       000000
__Ltext96                                                                 text96       000000
__Ltext97                                                                 text97       000000
__S0                                                                      (abs)        30000E
__S1                                                                      (abs)        0001C0
__S2                                                                      (abs)        000000
___awdiv                                                                  text38       003DF6
___awdiv@counter                                                          cstackBANK0  000084
___awdiv@dividend                                                         cstackBANK0  000080
___awdiv@divisor                                                          cstackBANK0  000082
___awdiv@quotient                                                         cstackBANK0  000086
___awdiv@sign                                                             cstackBANK0  000085
___awmod                                                                  text37       007868
___awmod@counter                                                          cstackBANK0  000084
___awmod@dividend                                                         cstackBANK0  000080
___awmod@divisor                                                          cstackBANK0  000082
___awmod@sign                                                             cstackBANK0  000085
___ftadd                                                                  text95       0027C2
___ftadd@exp1                                                             cstackCOMRAM 000026
___ftadd@exp2                                                             cstackCOMRAM 000025
___ftadd@f1                                                               cstackCOMRAM 00001B
___ftadd@f2                                                               cstackCOMRAM 00001E
___ftadd@sign                                                             cstackCOMRAM 000024
___ftdiv                                                                  text94       0037AC
___ftdiv@cntr                                                             cstackCOMRAM 000024
___ftdiv@exp                                                              cstackCOMRAM 000028
___ftdiv@f1                                                               cstackCOMRAM 00001B
___ftdiv@f2                                                               cstackCOMRAM 00001E
___ftdiv@f3                                                               cstackCOMRAM 000025
___ftdiv@sign                                                             cstackCOMRAM 000029
___ftge                                                                   text93       003D5A
___ftge@ff1                                                               cstackCOMRAM 000001
___ftge@ff2                                                               cstackCOMRAM 000004
___ftmul                                                                  text92       0034E0
___ftmul@cntr                                                             cstackCOMRAM 000019
___ftmul@exp                                                              cstackCOMRAM 000015
___ftmul@f1                                                               cstackCOMRAM 00000C
___ftmul@f2                                                               cstackCOMRAM 00000F
___ftmul@f3_as_product                                                    cstackCOMRAM 000016
___ftmul@sign                                                             cstackCOMRAM 00001A
___ftpack                                                                 text96       003C96
___ftpack@arg                                                             cstackCOMRAM 000001
___ftpack@exp                                                             cstackCOMRAM 000004
___ftpack@sign                                                            cstackCOMRAM 000005
___fttol                                                                  text91       0036C4
___fttol@exp1                                                             cstackCOMRAM 000029
___fttol@f1                                                               cstackCOMRAM 00001B
___fttol@lval                                                             cstackCOMRAM 000025
___fttol@sign1                                                            cstackCOMRAM 000024
___inthi_sp                                                               stack        000000
___intlo_sp                                                               stack        000000
___lldiv                                                                  text72       007976
___lldiv@counter                                                          cstackBANK0  00008C
___lldiv@dividend                                                         cstackBANK0  000080
___lldiv@divisor                                                          cstackBANK0  000084
___lldiv@quotient                                                         cstackBANK0  000088
___lwdiv                                                                  text53       0075CE
___lwdiv@counter                                                          cstackBANK0  000086
___lwdiv@dividend                                                         cstackBANK0  000080
___lwdiv@divisor                                                          cstackBANK0  000082
___lwdiv@quotient                                                         cstackBANK0  000084
___lwmod                                                                  text52       007470
___lwmod@counter                                                          cstackBANK0  00008B
___lwmod@dividend                                                         cstackBANK0  000087
___lwmod@divisor                                                          cstackBANK0  000089
___lwtoft                                                                 text90       006DC8
[...]
      Temps:          0       0       0       0       0       0       0
      Totals:         7       0       0       0       0       0       0
Total ram usage:        7 bytes
 Hardware stack levels used:    1
 Hardware stack levels required when called:    2
 This function calls:
		___ftadd
		___ftdiv
		___ftge
		___ftmul
		___fttol
		___lwtoft
		_readADC
 This function is called by:
		_TIMER
 This function uses a non-reentrant model


 *************** function _readADC *****************
 Defined at:
		line 8 in file "adc.h"
 Parameters:    Size  Location     Type
		None
 Auto vars:     Size  Location     Type
		None
 Return value:  Size  Location     Type
                  2    0[COMRAM] unsigned int 
 Registers used:
		wreg, status,2, status,0
 Tracked objects:
		On entry : 
		On exit  : 
		Unchanged: 
 Data sizes:     COMRAM   BANK0   BANK1   BANK2   BANK3   BANK4   BANK5
      Params:         2       0       0       0       0       0       0
      Locals:         0       0       0       0       0       0       0
      Temps:          2       0       0       0       0       0       0
      Totals:         4       0       0       0       0       0       0
Total ram usage:        4 bytes
 Hardware stack levels used:    1
 This function calls:
		Nothing
 This function is called by:
		_lerTransdutor
 This function uses a non-reentrant model


 *************** function ___lwtoft *****************
 Defined at:
		line 28 in file "C:\Program Files (x86)\Microchip\xc8\v1.45\sources\common\lwtoft.c"
 Parameters:    Size  Location     Type
  c               2    8[COMRAM] unsigned int 
 Auto vars:     Size  Location     Type
		None
 Return value:  Size  Location     Type
                  3    8[COMRAM] float 
 Registers used:
		wreg, status,2, status,0, cstack
 Tracked objects:
		On entry : 
		On exit  : 
		Unchanged: 
 Data sizes:     COMRAM   BANK0   BANK1   BANK2   BANK3   BANK4   BANK5
      Params:         3       0       0       0       0       0       0
      Locals:         0       0       0       0       0       0       0
      Temps:          0       0       0       0       0       0       0
      Totals:         3       0       0       0       0       0       0
Total ram usage:        3 bytes
 Hardware stack levels used:    1
 Hardware stack levels required when called:    1
 This function calls:
		___ftpack
 This function is called by:
		_lerTransdutor
 This function uses a non-reentrant model


 *************** function ___fttol *****************
 Defined at:
		line 44 in file "C:\Program Files (x86)\Microchip\xc8\v1.45\sources\common\fttol.c"
 Parameters:    Size  Location     Type
  f1              3   26[COMRAM] float 
 Auto vars:     Size  Location     Type
  lval            4   36[COMRAM] unsigned long 
  exp1            1   40[COMRAM] unsigned char 
  sign1           1   35[COMRAM] unsigned char 
 Return value:  Size  Location     Type
                  4   26[COMRAM] long 
 Registers used:
		wreg, status,2, status,0
 Tracked objects:
		On entry : 
		On exit  : 
		Unchanged: 
 Data sizes:     COMRAM   BANK0   BANK1   BANK2   BANK3   BANK4   BANK5
      Params:         4       0       0       0       0       0       0
      Locals:         6       0       0       0       0       0       0
      Temps:          5       0       0       0       0       0       0
      Totals:        15       0       0       0       0       0       0
Total ram usage:       15 bytes
 Hardware stack levels used:    1
 This function calls:
		Nothing
 This function is called by:
		_lerTransdutor
 This function uses a non-reentrant model


 *************** function ___ftmul *****************
 Defined at:
		line 62 in file "C:\Program Files (x86)\Microchip\xc8\v1.45\sources\common\ftmul.c"
 Parameters:    Size  Location     Type
  f1              3   11[COMRAM] float 
  f2              3   14[COMRAM] float 
 Auto vars:     Size  Location     Type
  f3_as_produc    3   21[COMRAM] unsigned um
  sign            1   25[COMRAM] unsigned char 
  cntr            1   24[COMRAM] unsigned char 
  exp             1   20[COMRAM] unsigned char 
 Return value:  Size  Location     Type
                  3   11[COMRAM] float 
 Registers used:
		wreg, status,2, status,0, cstack
 Tracked objects:
		On entry : 
		On exit  : 
		Unchanged: 
 Data sizes:     COMRAM   BANK0   BANK1   BANK2   BANK3   BANK4   BANK5
      Params:         6       0       0       0       0       0       0
      Locals:         6       0       0       0       0       0       0
      Temps:          3       0       0       0       0       0       0
      Totals:        15       0       0       0       0       0       0
Total ram usage:       15 bytes
 Hardware stack levels used:    1
 Hardware stack levels required when called:    1
 This function calls:
		___ftpack
 This function is called by:
		_lerTransdutor
		_map
 This function uses a non-reentrant model


 *************** function ___ftge *****************
 Defined at:
		line 4 in file "C:\Program Files (x86)\Microchip\xc8\v1.45\sources\common\ftge.c"
 Parameters:    Size  Location     Type
  ff1             3    0[COMRAM] float 
  ff2             3    3[COMRAM] float 
 Auto vars:     Size  Location     Type
		None
 Return value:  Size  Location     Type
		None               void
 Registers used:
		wreg, status,2, status,0
 Tracked objects:
		On entry : 
		On exit  : 
		Unchanged: 
 Data sizes:     COMRAM   BANK0   BANK1   BANK2   BANK3   BANK4   BANK5
      Params:         6       0       0       0       0       0       0
      Locals:         0       0       0       0       0       0       0
      Temps:          3       0       0       0       0       0       0
      Totals:         9       0       0       0       0       0       0
Total ram usage:        9 bytes
 Hardware stack levels used:    1
 This function calls:
		Nothing
 This function is called by:
		_lerTransdutor
 This function uses a non-reentrant model


 *************** function ___ftdiv *****************
 Defined at:
		line 54 in file "C:\Program Files (x86)\Microchip\xc8\v1.45\sources\common\ftdiv.c"
 Parameters:    Size  Location     Type
  f1              3   26[COMRAM] float 
  f2              3   29[COMRAM] float 
 Auto vars:     Size  Location     Type
  f3              3   36[COMRAM] float 
  sign            1   40[COMRAM] unsigned char 
  exp             1   39[COMRAM] unsigned char 
  cntr            1   35[COMRAM] unsigned char 
 Return value:  Size  Location     Type
                  3   26[COMRAM] float 
 Registers used:
		wreg, status,2, status,0, cstack
 Tracked objects:
		On entry : 
		On exit  : 
		Unchanged: 
 Data sizes:     COMRAM   BANK0   BANK1   BANK2   BANK3   BANK4   BANK5
      Params:         6       0       0       0       0       0       0
      Locals:         6       0       0       0       0       0       0
      Temps:          3       0       0       0       0       0       0
      Totals:        15       0       0       0       0       0       0
Total ram usage:       15 bytes
 Hardware stack levels used:    1
 Hardware stack levels required when called:    1
 This function calls:
		___ftpack
 This function is called by:
		_lerTransdutor
		_map
 This function uses a non-reentrant model


 *************** function ___ftadd *****************
 Defined at:
		line 86 in file "C:\Program Files (x86)\Microchip\xc8\v1.45\sources\common\ftadd.c"
 Parameters:    Size  Location     Type
  f1              3   26[COMRAM] float 
  f2              3   29[COMRAM] float 
 Auto vars:     Size  Location     Type
  exp1            1   37[COMRAM] unsigned char 
  exp2            1   36[COMRAM] unsigned char 
  sign            1   35[COMRAM] unsigned char 
 Return value:  Size  Location     Type
                  3   26[COMRAM] float 
 Registers used:
		wreg, status,2, status,0, cstack
 Tracked objects:
		On entry : 
		On exit  : 
		Unchanged: 
 Data sizes:     COMRAM   BANK0   BANK1   BANK2   BANK3   BANK4   BANK5
      Params:         6       0       0       0       0       0       0
      Locals:         3       0       0       0       0       0       0
      Temps:          3       0       0       0       0       0       0
      Totals:        12       0       0       0       0       0       0
Total ram usage:       12 bytes
 Hardware stack levels used:    1
 Hardware stack levels required when called:    1
 This function calls:
		___ftpack
 This function is called by:
		_lerTransdutor
		_map
 This function uses a non-reentrant model


 *************** function ___ftpack *****************
 Defined at:
		line 62 in file "C:\Program Files (x86)\Microchip\xc8\v1.45\sources\common\float.c"
 Parameters:    Size  Location     Type
  arg             3    0[COMRAM] unsigned um
  exp             1    3[COMRAM] unsigned char 
  sign            1    4[COMRAM] unsigned char 
 Auto vars:     Size  Location     Type
		None
 Return value:  Size  Location     Type
                  3    0[COMRAM] float 
 Registers used:
		wreg, status,2, status,0
 Tracked objects:
		On entry : 
		On exit  : 
		Unchanged: 
 Data sizes:     COMRAM   BANK0   BANK1   BANK2   BANK3   BANK4   BANK5
      Params:         5       0       0       0       0       0       0
      Locals:         0       0       0       0       0       0       0
      Temps:          3       0       0       0       0       0       0
      Totals:         8       0       0       0       0       0       0
Total ram usage:        8 bytes
 Hardware stack levels used:    1
 This function calls:
		Nothing
 This function is called by:
		___ftadd
		___ftdiv
		___ftmul
		___lwtoft
 This function uses a non-reentrant model



MODULE INFORMATION

Module		Function		Class		Link	Load	Size
tela_ESTACIONARIA.h
		_configurarEstacionaria		CODE           	2CB6	0000	367

tela_ESTACIONARIA.h estimated size: 367

shift595.h
		_setShiftREG   		CODE           	73DA	0000	73
		_clearShiftREG 		CODE           	6FFA	0000	55

shift595.h estimated size: 128

serial.h
		_putch         		CODE           	6D30	0000	21
		_limparBuffer  		CODE           	6FC4	0000	55
		_writeChar     		CODE           	6D10	0000	15
		_getSerial     		CODE           	31A0	0000	285
		_aguardaBuffer 		CODE           	718A	0000	61

serial.h estimated size: 437

C:\Program Files (x86)\Microchip\xc8\v1.45\sources\common\float.c
		___ftpack      		CODE           	3C96	0000	197

C:\Program Files (x86)\Microchip\xc8\v1.45\sources\common\float.c estimated size: 197

C:\Program Files (x86)\Microchip\xc8\v1.45\sources\common\doprnt.c
		__doprnt       		CODE           	011C	0000	2047

C:\Program Files (x86)\Microchip\xc8\v1.45\sources\common\doprnt.c estimated size: 2047

tela_TESTE_BOMBAS.h
		_tela_testeBombas		CODE           	25F2	0000	465

tela_TESTE_BOMBAS.h estimated size: 465

C:\Program Files (x86)\Microchip\xc8\v1.45\sources\common\Umul16.c
		___wmul        		CODE           	6E94	0000	45

C:\Program Files (x86)\Microchip\xc8\v1.45\sources\common\Umul16.c estimated size: 45

teclado.h
		_readButtons   		CODE           	77EA	0000	127
		_btPress       		CODE           	7694	0000	113

teclado.h estimated size: 240

C:\Program Files (x86)\Microchip\xc8\v1.45\sources\common\ftge.c
		___ftge        		CODE           	3D5A	0000	157

C:\Program Files (x86)\Microchip\xc8\v1.45\sources\common\ftge.c estimated size: 157

I2C.c
		_I2C_Master_Init		CODE           	7630	0000	101
		_I2C_Write     		CODE           	6D02	0000	15
		_I2C_Stop      		CODE           	6CDC	0000	13
		_I2C_Wait      		CODE           	6D72	0000	27
		_I2C_Read      		CODE           	70DA	0000	59
		_I2C_Start     		CODE           	6CD0	0000	13
		_I2C_Restart   		CODE           	6CE8	0000	13

I2C.c estimated size: 241

C:\Program Files (x86)\Microchip\xc8\v1.45\sources\common\isdigit.c
		_isdigit       		CODE           	6E18	0000	41

C:\Program Files (x86)\Microchip\xc8\v1.45\sources\common\isdigit.c estimated size: 41

C:\Program Files (x86)\Microchip\xc8\v1.45\sources\common\lwmod.c
		___lwmod       		CODE           	7470	0000	83

C:\Program Files (x86)\Microchip\xc8\v1.45\sources\common\lwmod.c estimated size: 83

C:\Program Files (x86)\Microchip\xc8\v1.45\sources\common\ftmul.c
		___ftmul       		CODE           	34E0	0000	249

C:\Program Files (x86)\Microchip\xc8\v1.45\sources\common\ftmul.c estimated size: 249

C:\Program Files (x86)\Microchip\xc8\v1.45\sources\common\awmod.c
		___awmod       		CODE           	7868	0000	135

C:\Program Files (x86)\Microchip\xc8\v1.45\sources\common\awmod.c estimated size: 135

tela_TELEFONES.h
		_configuraTelefones		CODE           	1230	0000	903

tela_TELEFONES.h estimated size: 903

C:\Program Files (x86)\Microchip\xc8\v1.45\sources\common\strstr.c
		_strstr        		CODE           	3F2A	0000	153

C:\Program Files (x86)\Microchip\xc8\v1.45\sources\common\strstr.c estimated size: 153

registradores.h
		_configuraRegistradores		CODE           	7518	0000	87

registradores.h estimated size: 87

tela_DATALOGER.h
		_dataLoger     		CODE           	1B5C	0000	569

tela_DATALOGER.h estimated size: 569

C:\Program Files (x86)\Microchip\xc8\v1.45\sources\common\ftdiv.c
		___ftdiv       		CODE           	37AC	0000	231

C:\Program Files (x86)\Microchip\xc8\v1.45\sources\common\ftdiv.c estimated size: 231

function.c
		_DECtoBCD      		CODE           	7284	0000	67
		_BCDtoDEC      		CODE           	6D8C	0000	27
		_delay         		CODE           	6F8E	0000	55
		_intToFloatStr 		CODE           	7A08	0000	149

function.c estimated size: 298

ds1307.h
		_validaRTC     		CODE           	7422	0000	79
		_RTC_Init      		CODE           	7030	0000	57
		_getDS1307TimeDate		CODE           	2E24	0000	309
		_setDS1307TimeDate		CODE           	32BC	0000	275

ds1307.h estimated size: 720

logs.h
		_salvarLOG     		CODE           	3BD2	0000	197

logs.h estimated size: 197

eeprom.h
		_readEEPROM16_ext		CODE           	7068	0000	57
		_readEEPROM_ext		CODE           	74C2	0000	87
		_writeEEPROM16_ext		CODE           	6DA6	0000	35
		_writeEEPROM_ext		CODE           	734C	0000	71

eeprom.h estimated size: 250

adc.h
		_readADC       		CODE           	6DF0	0000	41

adc.h estimated size: 41

tela_PRINCIPAL.h
		_telaPrincipal 		CODE           	21FE	0000	531
		_resetParametros		CODE           	6E40	0000	41

tela_PRINCIPAL.h estimated size: 572

controle.h
		_partidaBombaEstacionaria		CODE           	3892	0000	229
		_drenarPressao 		CODE           	6F24	0000	53
		_acaoBombas    		CODE           	307E	0000	291
		_verificarIntervaloTesteBombas		CODE           	72C6	0000	67
		_acaoTesteBombas		CODE           	091A	0000	1199

controle.h estimated size: 1839

C:\Program Files (x86)\Microchip\xc8\v1.45\sources\common\sprintf.c
		_sprintf       		CODE           	7392	0000	73

C:\Program Files (x86)\Microchip\xc8\v1.45\sources\common\sprintf.c estimated size: 73

C:\Program Files (x86)\Microchip\xc8\v1.45\sources\common\atoi.c
		_atoi          		CODE           	35D8	0000	237

C:\Program Files (x86)\Microchip\xc8\v1.45\sources\common\atoi.c estimated size: 237

C:\Program Files (x86)\Microchip\xc8\v1.45\sources\common\printf.c
		_printf        		CODE           	71C6	0000	61

C:\Program Files (x86)\Microchip\xc8\v1.45\sources\common\printf.c estimated size: 61

Main.c
		_main          		CODE           	0DC8	0000	1129
		_TIMER         		CODE           	0008	0000	273

Main.c estimated size: 1402

shared
		i2_getDS1307TimeDate		CODE           	33CE	0000	275
		i2_I2C_Wait    		CODE           	6D5A	0000	25
		i2_I2C_Write   		CODE           	6CF4	0000	15
		_dpowers       		MEDIUMCONST    	7ACD	0000	11
		criarCaracteresCGRAM@F2956		MEDIUMCONST    	7A9D	0000	49
		i2_BCDtoDEC    		CODE           	6D44	0000	23
		i2_I2C_Stop    		CODE           	6CB8	0000	13
		i2_writeEEPROM_ext		CODE           	714E	0000	61
		i2_I2C_Start   		CODE           	6CAC	0000	13
		__initialization		CODE           	7704	0000	101
		i2_I2C_Read    		CODE           	6F58	0000	55
		i2_delay       		CODE           	6EC0	0000	51
		i2_RTC_Init    		CODE           	6EF2	0000	51
		i2_I2C_Restart 		CODE           	6CC4	0000	13

shared estimated size: 756

temporizador.h
		_timer         		CODE           	2B38	0000	383

temporizador.h estimated size: 383

tela_INFORMACOES.h
		_informacoes   		CODE           	7776	0000	117

tela_INFORMACOES.h estimated size: 117

C:\Program Files (x86)\Microchip\xc8\v1.45\sources\common\fttol.c
		___fttol       		CODE           	36C4	0000	233

C:\Program Files (x86)\Microchip\xc8\v1.45\sources\common\fttol.c estimated size: 233

C:\Program Files (x86)\Microchip\xc8\v1.45\sources\common\lwdiv.c
		___lwdiv       		CODE           	75CE	0000	99

C:\Program Files (x86)\Microchip\xc8\v1.45\sources\common\lwdiv.c estimated size: 99

util.h
		_lerParametros 		CODE           	2F58	0000	295

util.h estimated size: 295

C:\Program Files (x86)\Microchip\xc8\v1.45\sources\common\awdiv.c
		___awdiv       		CODE           	3DF6	0000	155

C:\Program Files (x86)\Microchip\xc8\v1.45\sources\common\awdiv.c estimated size: 155

tela_CONFIG_PRESSAO.h
		_ajusteSP_Bombas		CODE           	1902	0000	603

tela_CONFIG_PRESSAO.h estimated size: 603

transdutor.h
		_lerTransdutor 		CODE           	1FCA	0000	565

transdutor.h estimated size: 565

C:\Program Files (x86)\Microchip\xc8\v1.45\sources\common\ftadd.c
		___ftadd       		CODE           	27C2	0000	465

C:\Program Files (x86)\Microchip\xc8\v1.45\sources\common\ftadd.c estimated size: 465

lcd.h
		_Lcd_Write_String		CODE           	7114	0000	59
		_Lcd_Init      		CODE           	78EE	0000	137
		_Lcd_Write_Char		CODE           	7242	0000	67
		_Lcd_Cmd       		CODE           	6E68	0000	45
		_Lcd_Set_Cursor		CODE           	3B0E	0000	197
		_Lcd_Clear     		CODE           	6D1E	0000	19
		_atualizarLCD  		CODE           	3976	0000	211
		_criarCaracteresCGRAM		CODE           	3A48	0000	199
		_blink         		CODE           	3FC2	0000	63
		_Lcd_Port      		CODE           	7308	0000	69

lcd.h estimated size: 1066

C:\Program Files (x86)\Microchip\xc8\v1.45\sources\common\lldiv.c
		___lldiv       		CODE           	7976	0000	147

C:\Program Files (x86)\Microchip\xc8\v1.45\sources\common\lldiv.c estimated size: 147

comunicacao.h
		_getSinalSIM800L		CODE           	2992	0000	423
		_comunicarTeste		CODE           	2410	0000	483
		_enviaSMS      		CODE           	15B6	0000	845

comunicacao.h estimated size: 1751

C:\Program Files (x86)\Microchip\xc8\v1.45\sources\common\strlen.c
		_strlen        		CODE           	756E	0000	97

C:\Program Files (x86)\Microchip\xc8\v1.45\sources\common\strlen.c estimated size: 97

C:\Program Files (x86)\Microchip\xc8\v1.45\sources\common\lwtoft.c
		___lwtoft      		CODE           	6DC8	0000	41

C:\Program Files (x86)\Microchip\xc8\v1.45\sources\common\lwtoft.c estimated size: 41

tela_RELOGIO.h
		_tela_ajusteRTC		CODE           	1D94	0000	567

tela_RELOGIO.h estimated size: 567

C:\Program Files (x86)\Microchip\xc8\v1.45\sources\common\strchr.c
		_strchr        		CODE           	7202	0000	65

C:\Program Files (x86)\Microchip\xc8\v1.45\sources\common\strchr.c estimated size: 65

C:\Program Files (x86)\Microchip\xc8\v1.45\sources\common\strncmp.c
		_strncmp       		CODE           	3E90	0000	155

C:\Program Files (x86)\Microchip\xc8\v1.45\sources\common\strncmp.c estimated size: 155

C:\Program Files (x86)\Microchip\xc8\v1.45\sources\common\memset.c
		_memset        		CODE           	70A0	0000	59

C:\Program Files (x86)\Microchip\xc8\v1.45\sources\common\memset.c estimated size: 59

